[www.careercomfort.co.in/index.html]
[backblue.gif]
[fade.gif]
[index.html]
[www.careercomfort.co.in/new/wp-content/uploads/2021/10/new-i-4.png]
[www.careercomfort.co.in/comments/feed/index.html]
[www.careercomfort.co.in/feed/index.html]
[cdn.datatables.net/1.10.20/css/jquery.dataTables.minef10.css]
[www.careercomfort.co.in/wp-includes/js/jquery/jquery.minf43b.js]
[www.careercomfort.co.in/wp-includes/js/jquery/jquery-migrate.min5589.js]
[www.careercomfort.co.in/wp-json/index.html]
[www.careercomfort.co.in/wp-json/wp/v2/pages/12886.json]
[www.careercomfort.co.in/wp-json/oembed/1.0/embed0f0e.json]
[www.careercomfort.co.in/wp-content/uploads/2022/02/CC-logo-new.png]
[www.careercomfort.co.in/wp-content/uploads/2021/10/header0immm.png]
[careercomfort.co.in/wp-content/uploads/2021/10/Career-comfort-logo.png]
[www.careercomfort.co.in/wp-content/plugins/revslider/public/assets/assets/dummy.png]
[www.careercomfort.co.in/jobs/index.html]
[www.careercomfort.co.in/all-services/index.html]
[www.careercomfort.co.in/about/index.html]
[www.careercomfort.co.in/wp-content/uploads/2021/10/new-i-4.png]
[www.careercomfort.co.in/wp-content/uploads/2021/10/new-i-1.png]
[www.careercomfort.co.in/faqs/index.html]
[www.careercomfort.co.in/looking-for-candidates/index.html]
[www.careercomfort.co.in/job-seeker-form/index.html]
[keenitsolutions.com/products/wordpress/braintech/wp-content/uploads/2020/11/about-effect-1.png]
[www.careercomfort.co.in/wp-content/uploads/2021/10/about-new-img.png]
[keenitsolutions.com/products/wordpress/braintech/wp-content/uploads/2020/12/dotted-3.png]
[www.careercomfort.co.in/wp-content/uploads/2021/10/center.png]
[www.careercomfort.co.in/wp-content/uploads/2021/10/it.png]
[www.careercomfort.co.in/wp-content/uploads/2021/10/education.png]
[www.careercomfort.co.in/wp-content/uploads/2021/10/fmcg.png]
[www.careercomfort.co.in/wp-content/uploads/2021/10/health.png]
[www.careercomfort.co.in/wp-content/uploads/2021/10/real-estate.png]
[www.careercomfort.co.in/wp-content/uploads/2021/10/bank.png]
[www.careercomfort.co.in/wp-content/uploads/2021/12/h2.png]
[www.careercomfort.co.in/wp-content/uploads/2021/10/lifestyle.png]
[www.careercomfort.co.in/wp-content/uploads/2021/10/automobile.png]
[www.careercomfort.co.in/wp-content/uploads/2021/12/manufacturing.png]
[www.careercomfort.co.in/wp-content/uploads/2021/10/telecom.png]
[www.careercomfort.co.in/wp-content/uploads/2020/11/circle.png]
[www.careercomfort.co.in/wp-content/uploads/2021/10/small-boss-1.png]
[www.careercomfort.co.in/wp-content/uploads/2021/12/SQL-Developer-340x270.jpg]
[www.careercomfort.co.in/wp-content/uploads/2021/12/JOB-RTA-340x270.jpg]
[www.careercomfort.co.in/wp-content/uploads/2021/12/Pharma-340x270.jpg]
[www.careercomfort.co.in/wp-content/uploads/2021/12/JOB-BDE-340x270.jpg]
[www.careercomfort.co.in/portfolio/sql-developer/index.html]
[www.careercomfort.co.in/wp-content/uploads/2021/10/Business-Support-Officer-340x270.jpg]
[www.careercomfort.co.in/wp-content/uploads/2021/12/JOB-HR-340x270.jpg]
[www.careercomfort.co.in/wp-content/uploads/2021/12/JOB-BPO-340x270.jpg]
[www.careercomfort.co.in/portfolio-category/apply-now/index.html]
[www.careercomfort.co.in/wp-content/uploads/2021/12/International-BPO-Jobs-340x270.jpg]
[www.careercomfort.co.in/wp-content/uploads/2022/02/testim-1-300x300.png]
[www.careercomfort.co.in/wp-content/uploads/2022/02/testim-2-300x300.png]
[www.careercomfort.co.in/portfolio/work-from-home-job-for-recruiting-training-associate-rta/index.html]
[www.careercomfort.co.in/wp-content/uploads/2022/02/testim-3-300x300.png]
[www.careercomfort.co.in/wp-content/uploads/2022/02/testim-4.png]
[www.careercomfort.co.in/portfolio/jobs-for-pharma/index.html]
[www.careercomfort.co.in/wp-content/uploads/2022/02/testim-5-300x300.png]
[www.careercomfort.co.in/portfolio/hr-recruiter/index.html]
[www.careercomfort.co.in/portfolio/business-support-officer-bso/index.html]
[www.careercomfort.co.in/wp-content/uploads/2022/02/testim-6-300x300.png]
[www.careercomfort.co.in/portfolio/international-bpo-jobs-b2b/index.html]
[www.careercomfort.co.in/portfolio/international-bpo-jobs/index.html]
[www.careercomfort.co.in/wp-content/uploads/2022/04/empl1.jpg]
[www.careercomfort.co.in/servo-project-joins-the-linux-foundation-fold-desco-2/index.html]
[www.careercomfort.co.in/wp-content/uploads/2022/04/empl2.jpg]
[www.careercomfort.co.in/tech-firms-support-huawei-restriction-balk-at-cost/index.html]
[www.careercomfort.co.in/wp-content/uploads/2022/04/empl3.jpg]
[www.careercomfort.co.in/servo-project-joins-the-linux-foundation-fold-desco/index.html]
[www.careercomfort.co.in/wp-content/uploads/2022/04/empl4.jpg]
[www.careercomfort.co.in/open-source-job-report-show-more-openings-fewer/index.html]
[www.careercomfort.co.in/wp-content/uploads/2022/04/empl5.jpg]
[www.careercomfort.co.in/wp-content/uploads/2022/04/empl6.jpg]
[www.careercomfort.co.in/wp-content/uploads/2022/04/jbs6.jpg]
[www.careercomfort.co.in/types-of-social-proof-what-its-makes-them-effective/index.html]
[www.careercomfort.co.in/wp-content/uploads/2022/04/jbs1.jpg]
[www.careercomfort.co.in/portfolio/business-development-executive/index.html]
[www.careercomfort.co.in/wp-content/uploads/2022/04/jbs2.jpg]
[www.careercomfort.co.in/necessity-may-give-us-your-virtual-court-system/index.html]
[www.careercomfort.co.in/why-is-long-term-prospective-important-for-an-employee/index.html]
[www.careercomfort.co.in/wp-content/uploads/2022/04/jbs3.jpg]
[www.careercomfort.co.in/how-to-appear-for-an-interview-dos-dont-for-interview/index.html]
[www.careercomfort.co.in/wp-content/uploads/2022/04/jbs4.jpg]
[www.careercomfort.co.in/what-is-job-satisfaction-and-how-to-achieve-it/index.html]
[www.careercomfort.co.in/how-to-make-your-work-life-balance/index.html]
[www.careercomfort.co.in/wp-content/uploads/2022/04/empl5-1.jpg]
[www.careercomfort.co.in/why-is-participation-in-employee-engagement-important/index.html]
[www.careercomfort.co.in/POST]
[www.careercomfort.co.in/how-to-create-a-work-from-home-environment/index.html]
[www.careercomfort.co.in/wp-content/uploads/2022/07/new-footer-bgs.jpg]
[careercomfort.co.in/wp-content/uploads/2021/12/png-careercomfort.png]
[careercomfort.co.in/wp-content/uploads/2021/12/google-customer-reviews.png]
[careercomfort.co.in/wp-content/uploads/2021/12/whatsapp.png]
[careercomfort.co.in/wp-content/uploads/2021/12/linkedin.png]
[careercomfort.co.in/wp-content/uploads/2021/12/instagram.png]
[careercomfort.co.in/wp-content/uploads/2021/12/facebook.png]
[www.careercomfort.co.in/disclaimer-2/index.html]
[www.careercomfort.co.in/wp-content/plugins/revslider/public/assets/js/rbtools.min4261.js]
[www.careercomfort.co.in/wp-content/plugins/revslider/public/assets/js/rs6.min4261.js]
[www.careercomfort.co.in/wp-content/plugins/rselements/assets/js/jquery.plugin5139.js]
[www.careercomfort.co.in/wp-content/plugins/rselements/assets/js/jquery.cookie5139.js]
[www.careercomfort.co.in/wp-content/plugins/rselements/assets/js/jquery.magnific-popup.min5139.js]
[www.careercomfort.co.in/wp-content/plugins/rselements/assets/js/popper.min5139.js]
[www.careercomfort.co.in/wp-content/plugins/rselements/assets/js/bootstrap.min5139.js]
[www.careercomfort.co.in/wp-content/plugins/rselements/assets/js/datatables.min5139.js]
[www.careercomfort.co.in/wp-content/plugins/rselements/assets/js/waypoints.min5139.js]
[www.careercomfort.co.in/wp-content/plugins/rselements/assets/js/jquery.counterup.min5139.js]
[www.careercomfort.co.in/wp-content/plugins/rselements/assets/js/time-circle5139.js]
[www.careercomfort.co.in/wp-content/plugins/rselements/assets/js/headding-title5139.js]
[www.careercomfort.co.in/wp-content/plugins/rselements/assets/js/slick.min5139.js]
[www.careercomfort.co.in/wp-content/plugins/rselements/assets/js/materialize.min5139.js]
[www.careercomfort.co.in/wp-content/plugins/rselements/assets/js/tilt.jquery.min5139.js]
[www.careercomfort.co.in/wp-content/plugins/rselements/assets/js/jquery-ui5139.js]
[www.careercomfort.co.in/wp-content/plugins/rselements/assets/js/jQuery-plugin-progressbar5139.js]
[www.careercomfort.co.in/wp-includes/js/imagesloaded.minbb93.js]
[www.careercomfort.co.in/wp-content/plugins/rselements/assets/js/custom5139.js]
[www.careercomfort.co.in/wp-content/themes/braintech/assets/js/modernizr-2.8.3.min4a7d.js]
[www.careercomfort.co.in/wp-content/themes/braintech/assets/js/owl.carousel.min4a7d.js]
[www.careercomfort.co.in/wp-content/themes/braintech/assets/js/waypoints-sticky.min4a7d.js]
[www.careercomfort.co.in/wp-content/themes/braintech/assets/js/isotope-braintech4a7d.js]
[www.careercomfort.co.in/wp-content/themes/braintech/assets/js/jquery.magnific-popup.min4a7d.js]
[www.careercomfort.co.in/wp-content/themes/braintech/assets/js/classie5139.js]
[www.careercomfort.co.in/wp-content/themes/braintech/assets/js/theia-sticky-sidebar4a7d.js]
[www.careercomfort.co.in/wp-content/themes/braintech/assets/js/main5139.js]
[www.careercomfort.co.in/wp-content/plugins/cf7-conditional-fields/js/scriptsad2f.js]
[www.google.com/recaptcha/api5bec.js]
[www.careercomfort.co.in/wp-includes/js/dist/vendor/wp-polyfill-inert.min0226.js]
[www.careercomfort.co.in/wp-includes/js/dist/vendor/regenerator-runtime.min6c85.js]
[www.careercomfort.co.in/wp-includes/js/dist/vendor/wp-polyfill.min2c7c.js]
[www.careercomfort.co.in/wp-content/plugins/master-addons/assets/js/master-addons-scripts9358.js]
[www.careercomfort.co.in/wp-content/plugins/mystickyelements-pro/js/jquery.cookieb95e.js]
[www.careercomfort.co.in/wp-content/plugins/mystickyelements-pro/js/mystickyelements-fronted.minb95e.js]
[www.careercomfort.co.in/wp-content/plugins/elementor/assets/lib/jquery-numerator/jquery-numerator.min3958.js]
[www.careercomfort.co.in/wp-content/plugins/elementor/assets/js/webpack.runtime.mince8e.js]
[www.careercomfort.co.in/wp-content/plugins/elementor/assets/js/frontend-modules.mince8e.js]
[www.careercomfort.co.in/wp-content/plugins/elementor/assets/lib/waypoints/waypoints.min05da.js]
[www.careercomfort.co.in/wp-includes/js/jquery/ui/core.min3f14.js]
[www.careercomfort.co.in/wp-content/plugins/elementor/assets/js/frontend.mince8e.js]
[www.careercomfort.co.in/index.html]
[www.careercomfort.co.in/new/wp-content/uploads/2021/10/new-i-4.html]
[www.careercomfort.co.in/wp-content/plugins/rselements/assets/css/magnific-popupef10.css]
[www.careercomfort.co.in/wp-content/plugins/rselements/assets/css/fontawesomeef10.css]
[www.careercomfort.co.in/wp-content/plugins/rselements/assets/css/slickef10.css]
[www.careercomfort.co.in/wp-content/plugins/rselements/assets/css/materializeef10.css]
[www.careercomfort.co.in/wp-content/plugins/rselements/assets/css/ajax-loader.gif]
[www.careercomfort.co.in/wp-content/plugins/rselements/assets/css/fonts/slick.eot]
[www.careercomfort.co.in/wp-content/plugins/rselements/assets/css/fonts/slickd41d.eot]
[www.careercomfort.co.in/wp-content/plugins/rselements/assets/css/fonts/slick.woff]
[www.careercomfort.co.in/wp-content/plugins/rselements/assets/css/fonts/slick.ttf]
[www.careercomfort.co.in/wp-content/plugins/rselements/assets/css/fonts/slick.svg]
[www.careercomfort.co.in/wp-content/plugins/rselements/assets/css/slick-themeef10.css]
[www.careercomfort.co.in/wp-content/plugins/rselements/assets/webfonts/fa-brands-400.eot]
[www.careercomfort.co.in/wp-content/plugins/rselements/assets/webfonts/fa-brands-400d41d.eot]
[www.careercomfort.co.in/wp-content/plugins/rselements/assets/webfonts/fa-brands-400.woff2]
[www.careercomfort.co.in/wp-content/plugins/rselements/assets/webfonts/fa-brands-400.woff]
[www.careercomfort.co.in/wp-content/plugins/rselements/assets/webfonts/fa-brands-400.ttf]
[www.careercomfort.co.in/wp-content/plugins/rselements/assets/css/brandsef10.css]
[www.careercomfort.co.in/wp-content/plugins/rselements/assets/webfonts/fa-solid-900.eot]
[www.careercomfort.co.in/wp-content/plugins/rselements/assets/webfonts/fa-solid-900d41d.eot]
[www.careercomfort.co.in/wp-content/plugins/rselements/assets/webfonts/fa-solid-900.woff2]
[www.careercomfort.co.in/wp-content/plugins/rselements/assets/webfonts/fa-solid-900.woff]
[www.careercomfort.co.in/wp-content/plugins/rselements/assets/webfonts/fa-solid-900.ttf]
[www.careercomfort.co.in/wp-content/plugins/rselements/assets/css/solidef10.css]
[www.careercomfort.co.in/wp-content/plugins/rselements/assets/fonts/Flaticon.eot]
[www.careercomfort.co.in/wp-content/plugins/rselements/assets/fonts/Flaticond41d.eot]
[www.careercomfort.co.in/wp-content/plugins/rselements/assets/fonts/Flaticon.woff2]
[www.careercomfort.co.in/wp-content/plugins/rselements/assets/fonts/Flaticon.woff]
[www.careercomfort.co.in/wp-content/plugins/rselements/assets/fonts/Flaticon.ttf]
[www.careercomfort.co.in/wp-content/plugins/rselements/assets/fonts/flaticonef10.css]
[www.careercomfort.co.in/wp-content/plugins/rselements/assets/css/headding-titleef10.css]
[cdn.datatables.net/1.10.20/images/sort_both.png]
[cdn.datatables.net/1.10.20/images/sort_asc.png]
[cdn.datatables.net/1.10.20/images/sort_desc.png]
[cdn.datatables.net/1.10.20/images/sort_asc_disabled.png]
[cdn.datatables.net/1.10.20/images/sort_desc_disabled.png]
[cdn.datatables.net/1.10.20/css/jquery.dataTables.minef10.css]
[www.careercomfort.co.in/wp-content/plugins/rselements/assets/css/rsaddonsef10.css]
[www.careercomfort.co.in/wp-content/themes/braintech/assets/css/bootstrap.minef10.css]
[www.careercomfort.co.in/wp-content/themes/braintech/assets/webfonts/fa-brands-400.eot]
[www.careercomfort.co.in/wp-content/themes/braintech/assets/webfonts/fa-brands-400d41d.eot]
[www.careercomfort.co.in/wp-content/themes/braintech/assets/webfonts/fa-brands-400.woff2]
[www.careercomfort.co.in/wp-content/themes/braintech/assets/webfonts/fa-brands-400.woff]
[www.careercomfort.co.in/wp-content/themes/braintech/assets/webfonts/fa-brands-400.ttf]
[www.careercomfort.co.in/wp-content/themes/braintech/assets/webfonts/fa-regular-400.eot]
[www.careercomfort.co.in/wp-content/themes/braintech/assets/webfonts/fa-regular-400d41d.eot]
[www.careercomfort.co.in/wp-content/themes/braintech/assets/webfonts/fa-regular-400.woff2]
[www.careercomfort.co.in/wp-content/themes/braintech/assets/webfonts/fa-regular-400.woff]
[www.careercomfort.co.in/wp-content/themes/braintech/assets/webfonts/fa-regular-400.ttf]
[www.careercomfort.co.in/wp-content/themes/braintech/assets/webfonts/fa-solid-900.eot]
[www.careercomfort.co.in/wp-content/themes/braintech/assets/webfonts/fa-solid-900d41d.eot]
[www.careercomfort.co.in/wp-content/themes/braintech/assets/webfonts/fa-solid-900.woff2]
[www.careercomfort.co.in/wp-content/themes/braintech/assets/webfonts/fa-solid-900.woff]
[www.careercomfort.co.in/wp-content/themes/braintech/assets/webfonts/fa-solid-900.ttf]
[www.careercomfort.co.in/wp-content/themes/braintech/assets/css/font-awesome.min.allef10.css]
[www.careercomfort.co.in/wp-content/plugins/elementor/assets/lib/font-awesome/fonts/fontawesome-webfont3e6e.eot]
[www.careercomfort.co.in/wp-content/plugins/elementor/assets/lib/font-awesome/fonts/fontawesome-webfontd41d.eot]
[www.careercomfort.co.in/wp-content/plugins/elementor/assets/lib/font-awesome/fonts/fontawesome-webfont3e6e.woff2]
[www.careercomfort.co.in/wp-content/plugins/elementor/assets/lib/font-awesome/fonts/fontawesome-webfont3e6e.woff]
[www.careercomfort.co.in/wp-content/plugins/elementor/assets/lib/font-awesome/fonts/fontawesome-webfont3e6e.ttf]
[www.careercomfort.co.in/wp-content/plugins/elementor/assets/lib/font-awesome/css/font-awesome.min1849.css]
[www.careercomfort.co.in/wp-content/themes/braintech/assets/fonts/Flaticon.eot]
[www.careercomfort.co.in/wp-content/themes/braintech/assets/fonts/Flaticond41d.eot]
[www.careercomfort.co.in/wp-content/themes/braintech/assets/fonts/Flaticon.woff]
[www.careercomfort.co.in/wp-content/themes/braintech/assets/fonts/Flaticon.ttf]
[www.careercomfort.co.in/wp-content/themes/braintech/assets/css/Flaticon.svg]
[www.careercomfort.co.in/wp-content/themes/braintech/assets/css/flaticonef10.css]
[www.careercomfort.co.in/wp-content/themes/braintech/assets/css/owl.video.play.png]
[www.careercomfort.co.in/wp-content/themes/braintech/assets/css/owl.carouselef10.css]
[www.careercomfort.co.in/wp-content/themes/braintech/assets/images/close.png]
[www.careercomfort.co.in/wp-content/themes/braintech/assets/images/about-overlay-l.png]
[www.careercomfort.co.in/wp-content/themes/braintech/assets/images/about-overlay-r.png]
[www.careercomfort.co.in/wp-content/themes/braintech/assets/css/defaultef10.css]
[www.careercomfort.co.in/wp-content/themes/braintech/assets/css/customef10.css]
[www.careercomfort.co.in/wp-content/themes/braintech/assets/css/responsiveef10.css]
[www.careercomfort.co.in/wp-content/themes/braintech-child/styleef10.css]
[www.careercomfort.co.in/wp-content/plugins/elementor/assets/lib/eicons/fonts/eicons8016.eot]
[www.careercomfort.co.in/wp-content/plugins/elementor/assets/lib/eicons/fonts/eicons8016.woff2]
[www.careercomfort.co.in/wp-content/plugins/elementor/assets/lib/eicons/fonts/eicons8016.woff]
[www.careercomfort.co.in/wp-content/plugins/elementor/assets/lib/eicons/fonts/eicons8016.ttf]
[www.careercomfort.co.in/wp-content/plugins/elementor/assets/lib/eicons/css/elementor-icons.mind54b.css]
[www.careercomfort.co.in/wp-content/plugins/elementor/assets/css/frontend-lite.mince8e.css]
[www.careercomfort.co.in/wp-content/plugins/elementor/assets/lib/swiper/v8/css/swiper.min94a4.css]
[www.careercomfort.co.in/wp-content/uploads/elementor/css/post-6e8d5.css]
[www.careercomfort.co.in/wp-content/uploads/elementor/css/globalee1b.css]
[www.careercomfort.co.in/wp-content/uploads/2021/12/im-image-section-92-v2.png]
[www.careercomfort.co.in/wp-content/uploads/2020/12/dot-4.png]
[www.careercomfort.co.in/wp-content/uploads/2022/02/call-to-action-bg.webp]
[www.careercomfort.co.in/wp-content/uploads/2020/11/shape-2.png]
[www.careercomfort.co.in/wp-content/uploads/2021/12/section-bg-1.png]
[www.careercomfort.co.in/wp-content/uploads/2021/12/8f.jpg]
[www.careercomfort.co.in/wp-content/uploads/2021/12/testimo.jpg]
[www.careercomfort.co.in/wp-content/uploads/elementor/css/post-12886cbe4.css]
[www.careercomfort.co.in/wp-content/themes/braintech/styleef10.css]
[www.careercomfort.co.in/wp-content/plugins/cf7-conditional-fields/stylead2f.css]
[www.careercomfort.co.in/wp-content/plugins/master-addons/assets/css/master-addons-stylesef10.css]
[www.careercomfort.co.in/wp-content/plugins/mystickyelements-pro/fonts/fa-brands-400.eot]
[www.careercomfort.co.in/wp-content/plugins/mystickyelements-pro/fonts/fa-brands-400d41d.eot]
[www.careercomfort.co.in/wp-content/plugins/mystickyelements-pro/fonts/fa-brands-400.woff2]
[www.careercomfort.co.in/wp-content/plugins/mystickyelements-pro/fonts/fa-brands-400.woff]
[www.careercomfort.co.in/wp-content/plugins/mystickyelements-pro/fonts/fa-brands-400.ttf]
[www.careercomfort.co.in/wp-content/plugins/mystickyelements-pro/fonts/fa-regular-400.eot]
[www.careercomfort.co.in/wp-content/plugins/mystickyelements-pro/fonts/fa-regular-400d41d.eot]
[www.careercomfort.co.in/wp-content/plugins/mystickyelements-pro/fonts/fa-regular-400.woff2]
[www.careercomfort.co.in/wp-content/plugins/mystickyelements-pro/fonts/fa-regular-400.woff]
[www.careercomfort.co.in/wp-content/plugins/mystickyelements-pro/fonts/fa-regular-400.ttf]
[www.careercomfort.co.in/wp-content/plugins/mystickyelements-pro/fonts/fa-solid-900.eot]
[www.careercomfort.co.in/wp-content/plugins/mystickyelements-pro/fonts/fa-solid-900d41d.eot]
[www.careercomfort.co.in/wp-content/plugins/mystickyelements-pro/fonts/fa-solid-900.woff2]
[www.careercomfort.co.in/wp-content/plugins/mystickyelements-pro/fonts/fa-solid-900.woff]
[www.careercomfort.co.in/wp-content/plugins/mystickyelements-pro/fonts/fa-solid-900.ttf]
[www.careercomfort.co.in/wp-content/plugins/mystickyelements-pro/css/font-awesome.minb95e.css]
[www.careercomfort.co.in/wp-content/plugins/mystickyelements-pro/fonts/OpenSansHebrew-Regular.woff2]
[www.careercomfort.co.in/wp-content/plugins/mystickyelements-pro/fonts/OpenSansHebrew-Regular.woff]
[www.careercomfort.co.in/wp-content/plugins/mystickyelements-pro/css/mystickyelements-front.minb95e.css]
[www.careercomfort.co.in/wp-json/oembed/1.0/embedbcdb]
[www.careercomfort.co.in/wp-json/wp/v2/pages/12164.json]
[www.careercomfort.co.in/wp-json/oembed/1.0/embedd6fb]
[www.careercomfort.co.in/wp-content/uploads/2022/04/logo-1.png]
[careercomfort.co.in/wp-content/uploads/2021/12/breadcrumbs-about-page.jpg]
[www.careercomfort.co.in/wp-content/uploads/2021/10/vision-1.png]
[www.careercomfort.co.in/wp-content/uploads/2021/10/mission.png]
[www.careercomfort.co.in/wp-content/uploads/2021/10/skill-development.png]
[www.careercomfort.co.in/wp-content/uploads/2021/10/planning.png]
[www.careercomfort.co.in/wp-content/uploads/2021/10/respect.png]
[www.careercomfort.co.in/wp-content/uploads/2021/10/daily-tasks.png]
[www.careercomfort.co.in/wp-content/uploads/2021/10/teamwork.png]
[www.careercomfort.co.in/wp-content/uploads/2021/10/bold.png]
[www.careercomfort.co.in/wp-content/uploads/2021/10/laugh.png]
[www.careercomfort.co.in/wp-content/uploads/2021/10/dartboard.png]
[www.careercomfort.co.in/wp-content/uploads/elementor/thumbs/iso-1-qliy5k39cnmai1mceqjiqloshrozelexdx3m78s85g.png]
[www.careercomfort.co.in/about/POST]
[www.careercomfort.co.in/about/index.html]
[www.careercomfort.co.in/all-services/e,baseURI]
[www.careercomfort.co.in/all-services/GET]
[www.careercomfort.co.in/all-services/Edge/index.html]
[cdn-ikplgid.nitrocdn.com/CBnPWTxXvlQldqPwhUtLUzGDtuHrPyuF/assets/images/optimized/rev-1b4aa66/www.careercomfort.co.in/wp-content/uploads/2021/10/header0immm.png]
[www.careercomfort.co.in/wp-json/wp/v2/pages/20454.json]
[www.careercomfort.co.in/all-services/feed/index.html]
[www.careercomfort.co.in/wp-json/oembed/1.0/embed9529.json]
[www.careercomfort.co.in/wp-json/oembed/1.0/embed4826]
[cdn-ikplgid.nitrocdn.com/CBnPWTxXvlQldqPwhUtLUzGDtuHrPyuF/assets/images/optimized/rev-1b4aa66/www.careercomfort.co.in/wp-content/uploads/2022/02/CC-logo-new.png]
[www.careercomfort.co.in/all-services/POST]
[cdn-ikplgid.nitrocdn.com/CBnPWTxXvlQldqPwhUtLUzGDtuHrPyuF/assets/static/optimized/rev-07d5d90/www.careercomfort.co.in/wp-includes/js/jquery/nitro-min-f43b551b749a36845288913120943cc6.jquery.min.js]
[cdn-ikplgid.nitrocdn.com/CBnPWTxXvlQldqPwhUtLUzGDtuHrPyuF/assets/static/optimized/rev-07d5d90/www.careercomfort.co.in/wp-includes/js/jquery/nitro-min-558973c0fd98109493258c8470e94016.jquery-migrate.min.js]
[cdn-ikplgid.nitrocdn.com/CBnPWTxXvlQldqPwhUtLUzGDtuHrPyuF/assets/static/optimized/rev-07d5d90/www.careercomfort.co.in/wp-includes/js/nitro-min-bb9380835a1e1ed6a189fce7cbb36d11.imagesloaded.min.js]
[cdn-ikplgid.nitrocdn.com/CBnPWTxXvlQldqPwhUtLUzGDtuHrPyuF/assets/static/optimized/rev-07d5d90/www.careercomfort.co.in/wp-includes/js/jquery/ui/nitro-min-3f14e9ae88f0336c658774ab6b2e8d39.core.min.js]
[cdn-ikplgid.nitrocdn.com/CBnPWTxXvlQldqPwhUtLUzGDtuHrPyuF/assets/static/optimized/rev-07d5d90/www.careercomfort.co.in/wp-content/plugins/contact-form-7/includes/swv/js/nitro-min-7404c36eeeed6363aa3dcefbdb88512f.in]
[cdn-ikplgid.nitrocdn.com/CBnPWTxXvlQldqPwhUtLUzGDtuHrPyuF/assets/static/optimized/rev-07d5d90/www.careercomfort.co.in/combinedCss/nitro-min-noimport-314e17faced4c3ab2de37417b6013255-stylesheet.css]
[cdn-ikplgid.nitrocdn.com/CBnPWTxXvlQldqPwhUtLUzGDtuHrPyuF/assets/static/optimized/rev-07d5d90/www.careercomfort.co.in/wp-content/plugins/contact-form-7/includes/js/nitro-min-7404c36eeeed6363aa3dcefbdb88512f.index]
[cdn-ikplgid.nitrocdn.com/CBnPWTxXvlQldqPwhUtLUzGDtuHrPyuF/assets/static/optimized/rev-07d5d90/www.careercomfort.co.in/combinedCss/nitro-min-noimport-1c0c0ebea585d95c7a702b698125e162-stylesheet.css]
[www.careercomfort.co.in/all-services/index.html]
[cdn-ikplgid.nitrocdn.com/CBnPWTxXvlQldqPwhUtLUzGDtuHrPyuF/assets/static/optimized/rev-07d5d90/www.careercomfort.co.in/externalFontFace/nitro-min-noimport-e75555d10c080e9e2226b8e7f5c26a3b-stylesheet.css]
[cdn-ikplgid.nitrocdn.com/CBnPWTxXvlQldqPwhUtLUzGDtuHrPyuF/assets/static/optimized/rev-07d5d90/www.careercomfort.co.in/wp-content/plugins/rselements/assets/js/nitro-min-51396ace4bd936a2f73d76cfe8c4b414.jquery.plugi]
[cdn-ikplgid.nitrocdn.com/CBnPWTxXvlQldqPwhUtLUzGDtuHrPyuF/assets/static/optimized/rev-07d5d90/www.careercomfort.co.in/wp-content/plugins/revslider/public/assets/js/nitro-min-4261254c4c934df597c31f1b4ce15e6a.rs6.mi]
[cdn-ikplgid.nitrocdn.com/CBnPWTxXvlQldqPwhUtLUzGDtuHrPyuF/assets/static/optimized/rev-07d5d90/www.careercomfort.co.in/wp-content/plugins/revslider/public/assets/js/nitro-min-4261254c4c934df597c31f1b4ce15e6a.rbtool]
[cdn-ikplgid.nitrocdn.com/CBnPWTxXvlQldqPwhUtLUzGDtuHrPyuF/assets/static/optimized/rev-07d5d90/www.careercomfort.co.in/wp-content/plugins/rselements/assets/js/nitro-min-51396ace4bd936a2f73d76cfe8c4b414.jquery.magni]
[cdn-ikplgid.nitrocdn.com/CBnPWTxXvlQldqPwhUtLUzGDtuHrPyuF/assets/static/optimized/rev-07d5d90/www.careercomfort.co.in/wp-content/plugins/rselements/assets/js/nitro-min-51396ace4bd936a2f73d76cfe8c4b414.popper.min.1]
[www.careercomfort.co.in/jobs/e,baseURI.150.delayed]
[cdn-ikplgid.nitrocdn.com/CBnPWTxXvlQldqPwhUtLUzGDtuHrPyuF/assets/static/optimized/rev-07d5d90/www.careercomfort.co.in/wp-content/plugins/rselements/assets/js/nitro-min-51396ace4bd936a2f73d76cfe8c4b414.jquery.cooki]
[cdn-ikplgid.nitrocdn.com/CBnPWTxXvlQldqPwhUtLUzGDtuHrPyuF/assets/static/optimized/rev-07d5d90/www.careercomfort.co.in/wp-content/plugins/rselements/assets/js/nitro-min-51396ace4bd936a2f73d76cfe8c4b414.bootstrap.mi]
[www.careercomfort.co.in/jobs/GET]
[cdn-ikplgid.nitrocdn.com/CBnPWTxXvlQldqPwhUtLUzGDtuHrPyuF/assets/static/optimized/rev-07d5d90/www.careercomfort.co.in/wp-content/plugins/rselements/assets/js/nitro-min-51396ace4bd936a2f73d76cfe8c4b414.datatables.m]
[cdn-ikplgid.nitrocdn.com/CBnPWTxXvlQldqPwhUtLUzGDtuHrPyuF/assets/static/optimized/rev-07d5d90/www.careercomfort.co.in/wp-content/plugins/rselements/assets/js/nitro-min-51396ace4bd936a2f73d76cfe8c4b414.waypoints.mi]
[cdn-ikplgid.nitrocdn.com/CBnPWTxXvlQldqPwhUtLUzGDtuHrPyuF/assets/static/optimized/rev-07d5d90/www.careercomfort.co.in/wp-content/plugins/rselements/assets/js/nitro-min-51396ace4bd936a2f73d76cfe8c4b414.jquery.count]
[www.careercomfort.co.in/wp-json/wp/v2/pages/20577.json]
[cdn-ikplgid.nitrocdn.com/CBnPWTxXvlQldqPwhUtLUzGDtuHrPyuF/assets/static/optimized/rev-07d5d90/www.careercomfort.co.in/wp-content/plugins/rselements/assets/js/nitro-min-51396ace4bd936a2f73d76cfe8c4b414.time-circle]
[www.careercomfort.co.in/wp-json/oembed/1.0/embedfcb5.json]
[cdn-ikplgid.nitrocdn.com/CBnPWTxXvlQldqPwhUtLUzGDtuHrPyuF/assets/static/optimized/rev-07d5d90/www.careercomfort.co.in/wp-content/plugins/rselements/assets/js/nitro-min-51396ace4bd936a2f73d76cfe8c4b414.slick.min.13]
[www.careercomfort.co.in/wp-json/oembed/1.0/embedc75d]
[cdn-ikplgid.nitrocdn.com/CBnPWTxXvlQldqPwhUtLUzGDtuHrPyuF/assets/static/optimized/rev-07d5d90/www.careercomfort.co.in/wp-content/plugins/rselements/assets/js/nitro-min-51396ace4bd936a2f73d76cfe8c4b414.headding-tit]
[cdn-ikplgid.nitrocdn.com/CBnPWTxXvlQldqPwhUtLUzGDtuHrPyuF/assets/static/optimized/rev-07d5d90/www.careercomfort.co.in/wp-content/plugins/rselements/assets/js/nitro-min-51396ace4bd936a2f73d76cfe8c4b414.materialize]
[cdn-ikplgid.nitrocdn.com/CBnPWTxXvlQldqPwhUtLUzGDtuHrPyuF/assets/static/optimized/rev-07d5d90/www.careercomfort.co.in/wp-content/plugins/rselements/assets/js/nitro-min-51396ace4bd936a2f73d76cfe8c4b414.tilt.jquery]
[www.careercomfort.co.in/jobs/_data_image/gif;base64,R0lGODlhAQABAIABAAAAAP/yH5BAEAAAEALAAAAAABAAEAAAICTAEAOw==]
[cdn-ikplgid.nitrocdn.com/CBnPWTxXvlQldqPwhUtLUzGDtuHrPyuF/assets/static/optimized/rev-07d5d90/www.careercomfort.co.in/wp-content/plugins/rselements/assets/js/nitro-min-51396ace4bd936a2f73d76cfe8c4b414.jQuery-plugi]
[cdn-ikplgid.nitrocdn.com/CBnPWTxXvlQldqPwhUtLUzGDtuHrPyuF/assets/static/optimized/rev-07d5d90/www.careercomfort.co.in/wp-content/plugins/rselements/assets/js/nitro-min-51396ace4bd936a2f73d76cfe8c4b414.jquery-ui.13]
[www.careercomfort.co.in/jobs/POST]
[cdn-ikplgid.nitrocdn.com/CBnPWTxXvlQldqPwhUtLUzGDtuHrPyuF/assets/static/optimized/rev-07d5d90/www.careercomfort.co.in/wp-content/plugins/rselements/assets/js/nitro-min-51396ace4bd936a2f73d76cfe8c4b414.custom.136.d]
[www.careercomfort.co.in/jobs/index.html]
[cdn-ikplgid.nitrocdn.com/CBnPWTxXvlQldqPwhUtLUzGDtuHrPyuF/assets/static/optimized/rev-07d5d90/www.careercomfort.co.in/wp-content/themes/braintech/assets/js/nitro-min-4a7d98b2350452b9ab700081bf9db105.modernizr-2.8]
[cdn-ikplgid.nitrocdn.com/CBnPWTxXvlQldqPwhUtLUzGDtuHrPyuF/assets/static/optimized/rev-07d5d90/www.careercomfort.co.in/wp-content/themes/braintech/assets/js/nitro-min-4a7d98b2350452b9ab700081bf9db105.waypoints-stic]
[cdn-ikplgid.nitrocdn.com/CBnPWTxXvlQldqPwhUtLUzGDtuHrPyuF/assets/static/optimized/rev-07d5d90/www.careercomfort.co.in/wp-content/themes/braintech/assets/js/nitro-min-4a7d98b2350452b9ab700081bf9db105.owl.carousel.m]
[cdn-ikplgid.nitrocdn.com/CBnPWTxXvlQldqPwhUtLUzGDtuHrPyuF/assets/static/optimized/rev-07d5d90/www.careercomfort.co.in/combinedCss/nitro-min-noimport-2eb4bd483b6148df5704168b90031147-stylesheet.css]
[cdn-ikplgid.nitrocdn.com/CBnPWTxXvlQldqPwhUtLUzGDtuHrPyuF/assets/static/optimized/rev-07d5d90/www.careercomfort.co.in/wp-content/themes/braintech/assets/js/nitro-min-4a7d98b2350452b9ab700081bf9db105.jquery.magnifi]
[cdn-ikplgid.nitrocdn.com/CBnPWTxXvlQldqPwhUtLUzGDtuHrPyuF/assets/static/optimized/rev-07d5d90/www.careercomfort.co.in/wp-content/themes/braintech/assets/js/nitro-min-4a7d98b2350452b9ab700081bf9db105.isotope-braint]
[careercomfort.co.in/wp-content/uploads/2021/11/faq-.png]
[cdn-ikplgid.nitrocdn.com/CBnPWTxXvlQldqPwhUtLUzGDtuHrPyuF/assets/static/optimized/rev-07d5d90/www.careercomfort.co.in/wp-content/themes/braintech/assets/js/nitro-min-51396ace4bd936a2f73d76cfe8c4b414.classie.13c.de]
[www.careercomfort.co.in/wp-json/wp/v2/pages/13202.json]
[cdn-ikplgid.nitrocdn.com/CBnPWTxXvlQldqPwhUtLUzGDtuHrPyuF/assets/static/optimized/rev-07d5d90/www.careercomfort.co.in/wp-content/themes/braintech/assets/js/nitro-min-4a7d98b2350452b9ab700081bf9db105.theia-sticky-s]
[cdn-ikplgid.nitrocdn.com/CBnPWTxXvlQldqPwhUtLUzGDtuHrPyuF/assets/static/optimized/rev-07d5d90/www.careercomfort.co.in/wp-content/themes/braintech/assets/js/nitro-min-51396ace4bd936a2f73d76cfe8c4b414.main.13e.delay]
[www.careercomfort.co.in/wp-json/oembed/1.0/embed7699.json]
[www.careercomfort.co.in/wp-json/oembed/1.0/embedc00a]
[cdn-ikplgid.nitrocdn.com/CBnPWTxXvlQldqPwhUtLUzGDtuHrPyuF/assets/static/optimized/rev-07d5d90/www.careercomfort.co.in/wp-includes/js/dist/vendor/nitro-min-0226f3282db3ce4373a7476e57648ff4.wp-polyfill-inert.min.140]
[cdn-ikplgid.nitrocdn.com/CBnPWTxXvlQldqPwhUtLUzGDtuHrPyuF/assets/static/optimized/rev-07d5d90/www.careercomfort.co.in/wp-includes/js/dist/vendor/nitro-min-2c7cef87d91a8c32817cef0915f9141b.wp-polyfill.min.142.delay]
[cdn-ikplgid.nitrocdn.com/CBnPWTxXvlQldqPwhUtLUzGDtuHrPyuF/assets/static/optimized/rev-07d5d90/www.careercomfort.co.in/wp-includes/js/dist/vendor/nitro-min-6c851c624cffd2a57d48dd6f4c743dfb.regenerator-runtime.min.1]
[careercomfort.co.in/wp-content/uploads/2022/01/faqss.jpg]
[cdn-ikplgid.nitrocdn.com/CBnPWTxXvlQldqPwhUtLUzGDtuHrPyuF/assets/static/optimized/rev-07d5d90/www.careercomfort.co.in/wp-content/plugins/cf7-conditional-fields/js/nitro-min-ad2ff36b1566c903603add5a2adff144.scripts]
[cdn-ikplgid.nitrocdn.com/CBnPWTxXvlQldqPwhUtLUzGDtuHrPyuF/assets/static/optimized/rev-07d5d90/www.careercomfort.co.in/wp-content/plugins/contact-form-7/modules/recaptcha/nitro-min-7404c36eeeed6363aa3dcefbdb88512f]
[cdn-ikplgid.nitrocdn.com/CBnPWTxXvlQldqPwhUtLUzGDtuHrPyuF/assets/static/optimized/rev-07d5d90/www.careercomfort.co.in/wp-content/plugins/master-addons/assets/js/nitro-min-ce91191a98d6b6e262e73df1f17f1cf3.plugins.1]
[cdn-ikplgid.nitrocdn.com/CBnPWTxXvlQldqPwhUtLUzGDtuHrPyuF/assets/static/optimized/rev-07d5d90/www.careercomfort.co.in/wp-content/plugins/master-addons/assets/js/nitro-min-ce91191a98d6b6e262e73df1f17f1cf3.master-ad]
[www.careercomfort.co.in/faqs/POST.161.delayed]
[cdn-ikplgid.nitrocdn.com/CBnPWTxXvlQldqPwhUtLUzGDtuHrPyuF/assets/static/optimized/rev-07d5d90/www.careercomfort.co.in/wp-content/plugins/mystickyelements-pro/js/nitro-min-b95e0a999646248b92e0b96dc4bb1349.jquery.co]
[www.careercomfort.co.in/faqs/index.html]
[cdn-ikplgid.nitrocdn.com/CBnPWTxXvlQldqPwhUtLUzGDtuHrPyuF/assets/static/optimized/rev-07d5d90/www.careercomfort.co.in/wp-content/plugins/elementor/assets/js/nitro-min-ce8ed0eed384cec0b04e4fd0e21bca98.webpack.runti]
[cdn-ikplgid.nitrocdn.com/CBnPWTxXvlQldqPwhUtLUzGDtuHrPyuF/assets/static/optimized/rev-07d5d90/www.careercomfort.co.in/wp-content/plugins/mystickyelements-pro/js/nitro-min-b95e0a999646248b92e0b96dc4bb1349.mystickye]
[cdn-ikplgid.nitrocdn.com/CBnPWTxXvlQldqPwhUtLUzGDtuHrPyuF/assets/static/optimized/rev-07d5d90/www.careercomfort.co.in/wp-content/plugins/elementor/assets/lib/waypoints/nitro-min-05dab1e7174ef3cb7c002a1ae16cb972.wa]
[cdn-ikplgid.nitrocdn.com/CBnPWTxXvlQldqPwhUtLUzGDtuHrPyuF/assets/static/optimized/rev-07d5d90/www.careercomfort.co.in/wp-content/plugins/elementor/assets/js/nitro-min-ce8ed0eed384cec0b04e4fd0e21bca98.frontend-modu]
[cdn-ikplgid.nitrocdn.com/CBnPWTxXvlQldqPwhUtLUzGDtuHrPyuF/assets/static/optimized/rev-07d5d90/www.careercomfort.co.in/wp-content/plugins/elementor/assets/js/nitro-min-ce8ed0eed384cec0b04e4fd0e21bca98.frontend.min]
[www.careercomfort.co.in/jobs/Edge/index.html]
[www.careercomfort.co.in/wp-content/uploads/2022/03/bg_img.163.delayed]
[www.careercomfort.co.in/wp-json/wp/v2/pages/23064.json]
[www.careercomfort.co.in/wp-json/oembed/1.0/embed9d72.json]
[www.careercomfort.co.in/wp-json/oembed/1.0/embedf30a]
[careercomfort.co.in/wp-content/uploads/custom-css-js/add-cities.js]
[www.careercomfort.co.in/job-seeker-form/POST]
[www.careercomfort.co.in/job-seeker-form/index.html]
[www.careercomfort.co.in/looking-for-candidates/e,baseURI]
[www.careercomfort.co.in/looking-for-candidates/GET]
[www.careercomfort.co.in/wp-json/wp/v2/pages/20799.json]
[www.careercomfort.co.in/looking-for-candidates/Edge/index.html]
[www.careercomfort.co.in/wp-json/oembed/1.0/embed0d84.json]
[www.careercomfort.co.in/wp-json/oembed/1.0/embed4f47]
[www.careercomfort.co.in/looking-for-candidates/_data_image/gif;base64,R0lGODlhAQABAIABAAAAAP/yH5BAEAAAEALAAAAAABAAEAAAICTAEAOw==]
[www.careercomfort.co.in/looking-for-candidates/POST]
[cdn-ikplgid.nitrocdn.com/CBnPWTxXvlQldqPwhUtLUzGDtuHrPyuF/assets/static/optimized/rev-07d5d90/careercomfort.co.in/wp-content/uploads/custom-css-js/nitro-min-add-cities.js]
[cdn-ikplgid.nitrocdn.com/CBnPWTxXvlQldqPwhUtLUzGDtuHrPyuF/assets/static/optimized/rev-07d5d90/www.careercomfort.co.in/combinedCss/nitro-min-noimport-16085e660944a073de5c15070e0f26f9-stylesheet.css]
[cdn-ikplgid.nitrocdn.com/CBnPWTxXvlQldqPwhUtLUzGDtuHrPyuF/assets/static/optimized/rev-07d5d90/www.careercomfort.co.in/combinedCss/nitro-min-noimport-939bd2710cea40b6c499dfbe2b56ba04-stylesheet.css]
[www.careercomfort.co.in/looking-for-candidates/index.html]
[cdn-ikplgid.nitrocdn.com/CBnPWTxXvlQldqPwhUtLUzGDtuHrPyuF/assets/static/optimized/rev-07d5d90/www.careercomfort.co.in/externalFontFace/nitro-min-noimport-249a6ac9d3ad070402b6a6b0d5ba19e7-stylesheet.css]
[www.careercomfort.co.in/portfolio/sql-developer/e,baseURI.177.delayed]
[www.careercomfort.co.in/portfolio/sql-developer/GET]
[www.careercomfort.co.in/wp-json/oembed/1.0/embed867f.json]
[www.careercomfort.co.in/portfolio/sql-developer/Edge/index.html]
[www.careercomfort.co.in/wp-json/oembed/1.0/embed06ab]
[www.careercomfort.co.in/portfolio/sql-developer/_data_image/gif;base64,R0lGODlhAQABAIABAAAAAP/yH5BAEAAAEALAAAAAABAAEAAAICTAEAOw==]
[www.careercomfort.co.in/portfolio/sql-developer/POST]
[www.careercomfort.co.in/portfolio/sql-developer/index.html]
[cdn-ikplgid.nitrocdn.com/CBnPWTxXvlQldqPwhUtLUzGDtuHrPyuF/assets/static/optimized/rev-07d5d90/www.careercomfort.co.in/externalFontFace/nitro-min-noimport-432d744f11a7162889fdff0dbd6a9df4-stylesheet.css]
[cdn-ikplgid.nitrocdn.com/CBnPWTxXvlQldqPwhUtLUzGDtuHrPyuF/assets/static/optimized/rev-07d5d90/www.careercomfort.co.in/combinedCss/nitro-min-noimport-0e1b74aa7f708f520486e81f36247b56-stylesheet.css]
[www.careercomfort.co.in/portfolio-category/apply-now/e,baseURI]
[www.careercomfort.co.in/portfolio-category/apply-now/GET]
[www.careercomfort.co.in/portfolio-category/apply-now/Edge/index.html]
[www.careercomfort.co.in/portfolio-category/apply-now/feed/index.html]
[www.careercomfort.co.in/portfolio-category/apply-now/POST.182.delayed]
[www.careercomfort.co.in/2022/04/index.html]
[www.careercomfort.co.in/2022/03/index.html]
[www.careercomfort.co.in/category/employers/index.html]
[www.careercomfort.co.in/category/job-seekers/index.html]
[www.careercomfort.co.in/portfolio-category/apply-now/_data_image/gif;base64,R0lGODlhAQABAIABAAAAAP/yH5BAEAAAEALAAAAAABAAEAAAICTAEAOw==]
[cdn-ikplgid.nitrocdn.com/CBnPWTxXvlQldqPwhUtLUzGDtuHrPyuF/assets/static/optimized/rev-07d5d90/www.careercomfort.co.in/combinedCss/nitro-min-noimport-2efdc8055568aecd1f100f100c6a9a3a-stylesheet.css]
[www.careercomfort.co.in/portfolio-category/apply-now/index.html]
[cdn-ikplgid.nitrocdn.com/CBnPWTxXvlQldqPwhUtLUzGDtuHrPyuF/assets/static/optimized/rev-07d5d90/www.careercomfort.co.in/externalFontFace/nitro-min-noimport-d3717ac8164f8d544db9650f3389b2d1-stylesheet.css]
[www.careercomfort.co.in/portfolio/work-from-home-job-for-recruiting-training-associate-rta/e,baseURI]
[www.careercomfort.co.in/portfolio/work-from-home-job-for-recruiting-training-associate-rta/GET]
[www.careercomfort.co.in/wp-json/oembed/1.0/embed297d.json]
[www.careercomfort.co.in/portfolio/work-from-home-job-for-recruiting-training-associate-rta/Edge/index.html]
[www.careercomfort.co.in/wp-json/oembed/1.0/embedadc6]
[www.careercomfort.co.in/portfolio/work-from-home-job-for-recruiting-training-associate-rta/_data_image/gif;base64,R0lGODlhAQABAIABAAAAAP/yH5BAEAAAEALAAAAAABAAEAAAICTAEAOw==]
[www.careercomfort.co.in/portfolio/work-from-home-job-for-recruiting-training-associate-rta/POST]
[www.careercomfort.co.in/portfolio/work-from-home-job-for-recruiting-training-associate-rta/index.html]
[cdn-ikplgid.nitrocdn.com/CBnPWTxXvlQldqPwhUtLUzGDtuHrPyuF/assets/static/optimized/rev-07d5d90/www.careercomfort.co.in/combinedCss/nitro-min-noimport-e5d28e3107050b6f939c153a60c95a38-stylesheet.css]
[www.careercomfort.co.in/portfolio/jobs-for-pharma/e,baseURI]
[www.careercomfort.co.in/portfolio/jobs-for-pharma/GET]
[www.careercomfort.co.in/wp-json/oembed/1.0/embedce9f.json]
[www.careercomfort.co.in/portfolio/jobs-for-pharma/Edge/index.html]
[www.careercomfort.co.in/wp-json/oembed/1.0/embed0d66]
[www.careercomfort.co.in/portfolio/jobs-for-pharma/_data_image/gif;base64,R0lGODlhAQABAIABAAAAAP/yH5BAEAAAEALAAAAAABAAEAAAICTAEAOw==]
[www.careercomfort.co.in/portfolio/jobs-for-pharma/POST]
[www.careercomfort.co.in/portfolio/jobs-for-pharma/index.html]
[cdn-ikplgid.nitrocdn.com/CBnPWTxXvlQldqPwhUtLUzGDtuHrPyuF/assets/static/optimized/rev-07d5d90/www.careercomfort.co.in/combinedCss/nitro-min-noimport-088c539105073767acf876c2639fe40c-stylesheet.css]
[www.careercomfort.co.in/wp-content/uploads/2021/12/JOB-BDE.jpg]
[www.careercomfort.co.in/wp-json/oembed/1.0/embed772d.json]
[www.careercomfort.co.in/wp-json/oembed/1.0/embede6e9]
[careercomfort.co.in/wp-content/uploads/2021/10/job.jpg]
[www.careercomfort.co.in/wp-content/uploads/2021/12/SQL-Developer.jpg]
[www.careercomfort.co.in/wp-content/uploads/2021/12/JOB-RTA.jpg]
[www.careercomfort.co.in/wp-content/uploads/2021/12/Pharma.jpg]
[www.careercomfort.co.in/wp-content/uploads/2021/10/Business-Support-Officer.jpg]
[www.careercomfort.co.in/wp-content/uploads/2021/12/JOB-HR.jpg]
[www.careercomfort.co.in/wp-content/uploads/2021/12/JOB-BPO.jpg]
[www.careercomfort.co.in/wp-content/uploads/2021/12/International-BPO-Jobs.jpg]
[www.careercomfort.co.in/portfolio/business-development-executive/POST]
[www.careercomfort.co.in/portfolio/business-development-executive/index.html]
[www.careercomfort.co.in/portfolio/business-support-officer-bso/e,baseURI]
[www.careercomfort.co.in/portfolio/business-support-officer-bso/GET]
[www.careercomfort.co.in/wp-json/oembed/1.0/embed930a.json]
[www.careercomfort.co.in/portfolio/business-support-officer-bso/Edge/index.html]
[www.careercomfort.co.in/wp-json/oembed/1.0/embedca4f]
[www.careercomfort.co.in/portfolio/business-support-officer-bso/_data_image/gif;base64,R0lGODlhAQABAIABAAAAAP/yH5BAEAAAEALAAAAAABAAEAAAICTAEAOw==]
[www.careercomfort.co.in/portfolio/business-support-officer-bso/POST]
[www.careercomfort.co.in/portfolio/business-support-officer-bso/index.html]
[cdn-ikplgid.nitrocdn.com/CBnPWTxXvlQldqPwhUtLUzGDtuHrPyuF/assets/static/optimized/rev-07d5d90/www.careercomfort.co.in/combinedCss/nitro-min-noimport-d5f77e231663ee9eb4717f50e440cf14-stylesheet.css]
[www.careercomfort.co.in/portfolio/hr-recruiter/e,baseURI]
[www.careercomfort.co.in/portfolio/hr-recruiter/GET]
[www.careercomfort.co.in/portfolio/hr-recruiter/Edge/index.html]
[www.careercomfort.co.in/wp-json/oembed/1.0/embeda3ea.json]
[www.careercomfort.co.in/wp-json/oembed/1.0/embed4c53]
[www.careercomfort.co.in/portfolio/hr-recruiter/_data_image/gif;base64,R0lGODlhAQABAIABAAAAAP/yH5BAEAAAEALAAAAAABAAEAAAICTAEAOw==]
[www.careercomfort.co.in/portfolio/hr-recruiter/POST]
[cdn-ikplgid.nitrocdn.com/CBnPWTxXvlQldqPwhUtLUzGDtuHrPyuF/assets/static/optimized/rev-07d5d90/www.careercomfort.co.in/combinedCss/nitro-min-noimport-65fca45bc7e1f5486aacf84f62b4fca6-stylesheet.css]
[www.careercomfort.co.in/portfolio/hr-recruiter/index.html]
[cdn-ikplgid.nitrocdn.com/CBnPWTxXvlQldqPwhUtLUzGDtuHrPyuF/assets/static/optimized/rev-07d5d90/www.careercomfort.co.in/externalFontFace/nitro-min-noimport-040e003c88eee2839a2a59a12621c632-stylesheet.css]
[www.careercomfort.co.in/portfolio/international-bpo-jobs/e,baseURI]
[www.careercomfort.co.in/portfolio/international-bpo-jobs/GET]
[www.careercomfort.co.in/wp-json/oembed/1.0/embed946b.json]
[www.careercomfort.co.in/portfolio/international-bpo-jobs/Edge/index.html]
[www.careercomfort.co.in/wp-json/oembed/1.0/embed6512]
[www.careercomfort.co.in/portfolio/international-bpo-jobs/_data_image/gif;base64,R0lGODlhAQABAIABAAAAAP/yH5BAEAAAEALAAAAAABAAEAAAICTAEAOw==]
[www.careercomfort.co.in/portfolio/international-bpo-jobs/POST]
[www.careercomfort.co.in/portfolio/international-bpo-jobs/index.html]
[cdn-ikplgid.nitrocdn.com/CBnPWTxXvlQldqPwhUtLUzGDtuHrPyuF/assets/static/optimized/rev-07d5d90/www.careercomfort.co.in/combinedCss/nitro-min-noimport-51a645abfc5ca66721b52c684773ac00-stylesheet.css]
[www.careercomfort.co.in/portfolio/international-bpo-jobs-b2b/e,baseURI]
[www.careercomfort.co.in/portfolio/international-bpo-jobs-b2b/GET]
[www.careercomfort.co.in/portfolio/international-bpo-jobs-b2b/Edge/index.html]
[www.careercomfort.co.in/wp-json/oembed/1.0/embed7e93.json]
[www.careercomfort.co.in/wp-json/oembed/1.0/embed9a0a]
[www.careercomfort.co.in/portfolio/international-bpo-jobs-b2b/_data_image/gif;base64,R0lGODlhAQABAIABAAAAAP/yH5BAEAAAEALAAAAAABAAEAAAICTAEAOw==]
[www.careercomfort.co.in/portfolio/international-bpo-jobs-b2b/POST]
[www.careercomfort.co.in/portfolio/international-bpo-jobs-b2b/index.html]
[cdn-ikplgid.nitrocdn.com/CBnPWTxXvlQldqPwhUtLUzGDtuHrPyuF/assets/static/optimized/rev-07d5d90/www.careercomfort.co.in/combinedCss/nitro-min-noimport-8a481759ef2200cadaaf9ca000cddf58-stylesheet.css]
[www.careercomfort.co.in/servo-project-joins-the-linux-foundation-fold-desco-2/e,baseURI]
[www.careercomfort.co.in/servo-project-joins-the-linux-foundation-fold-desco-2/GET]
[www.careercomfort.co.in/wp-json/wp/v2/posts/19210.json]
[www.careercomfort.co.in/servo-project-joins-the-linux-foundation-fold-desco-2/Edge/index.html]
[www.careercomfort.co.in/wp-json/oembed/1.0/embedbc59.json]
[www.careercomfort.co.in/servo-project-joins-the-linux-foundation-fold-desco-2/feed/index.html]
[www.careercomfort.co.in/wp-json/oembed/1.0/embeda6ff]
[www.careercomfort.co.in/servo-project-joins-the-linux-foundation-fold-desco-2/POST]
[www.careercomfort.co.in/servo-project-joins-the-linux-foundation-fold-desco-2/_data_image/gif;base64,R0lGODlhAQABAIABAAAAAP/yH5BAEAAAEALAAAAAABAAEAAAICTAEAOw==]
[cdn-ikplgid.nitrocdn.com/CBnPWTxXvlQldqPwhUtLUzGDtuHrPyuF/assets/static/optimized/rev-07d5d90/www.careercomfort.co.in/wp-includes/js/nitro-min-ef10e15397ba9646f1be5f855761dc91.comment-reply.min.js]
[www.careercomfort.co.in/servo-project-joins-the-linux-foundation-fold-desco-2/index.html]
[cdn-ikplgid.nitrocdn.com/CBnPWTxXvlQldqPwhUtLUzGDtuHrPyuF/assets/static/optimized/rev-07d5d90/www.careercomfort.co.in/combinedCss/nitro-min-noimport-f0f39d29ac4f3253c7035a7dd2874e41-stylesheet.css]
[www.careercomfort.co.in/tech-firms-support-huawei-restriction-balk-at-cost/e,baseURI]
[www.careercomfort.co.in/tech-firms-support-huawei-restriction-balk-at-cost/GET]
[www.careercomfort.co.in/wp-json/wp/v2/posts/11211.json]
[www.careercomfort.co.in/tech-firms-support-huawei-restriction-balk-at-cost/Edge/index.html]
[www.careercomfort.co.in/tech-firms-support-huawei-restriction-balk-at-cost/feed/index.html]
[www.careercomfort.co.in/wp-json/oembed/1.0/embedf011.json]
[www.careercomfort.co.in/wp-json/oembed/1.0/embedcab3]
[www.careercomfort.co.in/tech-firms-support-huawei-restriction-balk-at-cost/POST]
[www.careercomfort.co.in/tech-firms-support-huawei-restriction-balk-at-cost/_data_image/gif;base64,R0lGODlhAQABAIABAAAAAP/yH5BAEAAAEALAAAAAABAAEAAAICTAEAOw==]
[www.careercomfort.co.in/tech-firms-support-huawei-restriction-balk-at-cost/index.html]
[www.careercomfort.co.in/servo-project-joins-the-linux-foundation-fold-desco/e,baseURI]
[www.careercomfort.co.in/servo-project-joins-the-linux-foundation-fold-desco/GET]
[www.careercomfort.co.in/wp-json/wp/v2/posts/11229.json]
[www.careercomfort.co.in/wp-json/oembed/1.0/embed6156.json]
[www.careercomfort.co.in/servo-project-joins-the-linux-foundation-fold-desco/Edge/index.html]
[www.careercomfort.co.in/wp-json/oembed/1.0/embede86a]
[www.careercomfort.co.in/servo-project-joins-the-linux-foundation-fold-desco/feed/index.html]
[www.careercomfort.co.in/servo-project-joins-the-linux-foundation-fold-desco/POST]
[www.careercomfort.co.in/servo-project-joins-the-linux-foundation-fold-desco/_data_image/gif;base64,R0lGODlhAQABAIABAAAAAP/yH5BAEAAAEALAAAAAABAAEAAAICTAEAOw==]
[www.careercomfort.co.in/servo-project-joins-the-linux-foundation-fold-desco/index.html]
[www.careercomfort.co.in/open-source-job-report-show-more-openings-fewer/e,baseURI]
[www.careercomfort.co.in/open-source-job-report-show-more-openings-fewer/GET]
[www.careercomfort.co.in/wp-json/wp/v2/posts/11220.json]
[www.careercomfort.co.in/open-source-job-report-show-more-openings-fewer/Edge/index.html]
[www.careercomfort.co.in/open-source-job-report-show-more-openings-fewer/feed/index.html]
[www.careercomfort.co.in/wp-json/oembed/1.0/embedbec8.json]
[www.careercomfort.co.in/wp-json/oembed/1.0/embed7ce2]
[www.careercomfort.co.in/open-source-job-report-show-more-openings-fewer/POST]
[www.careercomfort.co.in/open-source-job-report-show-more-openings-fewer/_data_image/gif;base64,R0lGODlhAQABAIABAAAAAP/yH5BAEAAAEALAAAAAABAAEAAAICTAEAOw==]
[www.careercomfort.co.in/open-source-job-report-show-more-openings-fewer/index.html]
[www.careercomfort.co.in/wp-json/wp/v2/posts/11217.json]
[www.careercomfort.co.in/types-of-social-proof-what-its-makes-them-effective/feed/index.html]
[www.careercomfort.co.in/wp-json/oembed/1.0/embedb331.json]
[www.careercomfort.co.in/wp-json/oembed/1.0/embed96e0]
[www.careercomfort.co.in/types-of-social-proof-what-its-makes-them-effective/POST]
[www.careercomfort.co.in/wp-includes/js/comment-reply.minef10.js]
[www.careercomfort.co.in/types-of-social-proof-what-its-makes-them-effective/index.html]
[www.careercomfort.co.in/wp-json/wp/v2/posts/11226.json]
[www.careercomfort.co.in/necessity-may-give-us-your-virtual-court-system/feed/index.html]
[www.careercomfort.co.in/wp-json/oembed/1.0/embedcb4a.json]
[www.careercomfort.co.in/wp-json/oembed/1.0/embed8711]
[www.careercomfort.co.in/necessity-may-give-us-your-virtual-court-system/POST]
[www.careercomfort.co.in/necessity-may-give-us-your-virtual-court-system/index.html]
[www.careercomfort.co.in/how-to-appear-for-an-interview-dos-dont-for-interview/e,baseURI]
[www.careercomfort.co.in/how-to-appear-for-an-interview-dos-dont-for-interview/GET]
[www.careercomfort.co.in/wp-json/wp/v2/posts/23271.json]
[www.careercomfort.co.in/how-to-appear-for-an-interview-dos-dont-for-interview/Edge/index.html]
[www.careercomfort.co.in/how-to-appear-for-an-interview-dos-dont-for-interview/feed/index.html]
[www.careercomfort.co.in/wp-json/oembed/1.0/embed20bc.json]
[www.careercomfort.co.in/wp-json/oembed/1.0/embed99db]
[www.careercomfort.co.in/how-to-appear-for-an-interview-dos-dont-for-interview/POST]
[www.careercomfort.co.in/how-to-appear-for-an-interview-dos-dont-for-interview/_data_image/gif;base64,R0lGODlhAQABAIABAAAAAP/yH5BAEAAAEALAAAAAABAAEAAAICTAEAOw==]
[www.careercomfort.co.in/how-to-appear-for-an-interview-dos-dont-for-interview/index.html]
[www.careercomfort.co.in/why-is-long-term-prospective-important-for-an-employee/e,baseURI]
[www.careercomfort.co.in/why-is-long-term-prospective-important-for-an-employee/GET]
[www.careercomfort.co.in/wp-json/wp/v2/posts/23285.json]
[www.careercomfort.co.in/why-is-long-term-prospective-important-for-an-employee/Edge/index.html]
[www.careercomfort.co.in/why-is-long-term-prospective-important-for-an-employee/feed/index.html]
[www.careercomfort.co.in/wp-json/oembed/1.0/embed9c55.json]
[www.careercomfort.co.in/wp-json/oembed/1.0/embed778c]
[www.careercomfort.co.in/why-is-long-term-prospective-important-for-an-employee/POST]
[www.careercomfort.co.in/why-is-long-term-prospective-important-for-an-employee/_data_image/gif;base64,R0lGODlhAQABAIABAAAAAP/yH5BAEAAAEALAAAAAABAAEAAAICTAEAOw==]
[www.careercomfort.co.in/why-is-long-term-prospective-important-for-an-employee/index.html]
[www.careercomfort.co.in/what-is-job-satisfaction-and-how-to-achieve-it/e,baseURI]
[www.careercomfort.co.in/what-is-job-satisfaction-and-how-to-achieve-it/GET]
[www.careercomfort.co.in/wp-json/wp/v2/posts/23282.json]
[www.careercomfort.co.in/what-is-job-satisfaction-and-how-to-achieve-it/Edge/index.html]
[www.careercomfort.co.in/wp-json/oembed/1.0/embed6c01.json]
[www.careercomfort.co.in/what-is-job-satisfaction-and-how-to-achieve-it/feed/index.html]
[www.careercomfort.co.in/wp-json/oembed/1.0/embed5804]
[www.careercomfort.co.in/what-is-job-satisfaction-and-how-to-achieve-it/POST]
[www.careercomfort.co.in/what-is-job-satisfaction-and-how-to-achieve-it/_data_image/gif;base64,R0lGODlhAQABAIABAAAAAP/yH5BAEAAAEALAAAAAABAAEAAAICTAEAOw==]
[www.careercomfort.co.in/what-is-job-satisfaction-and-how-to-achieve-it/index.html]
[www.careercomfort.co.in/how-to-make-your-work-life-balance/e,baseURI]
[www.careercomfort.co.in/how-to-make-your-work-life-balance/GET]
[www.careercomfort.co.in/wp-json/wp/v2/posts/23280.json]
[www.careercomfort.co.in/how-to-make-your-work-life-balance/Edge/index.html]
[www.careercomfort.co.in/wp-json/oembed/1.0/embedb0ae.json]
[www.careercomfort.co.in/how-to-make-your-work-life-balance/feed/index.html]
[www.careercomfort.co.in/wp-json/oembed/1.0/embed5c55]
[www.careercomfort.co.in/how-to-make-your-work-life-balance/POST]
[www.careercomfort.co.in/how-to-make-your-work-life-balance/_data_image/gif;base64,R0lGODlhAQABAIABAAAAAP/yH5BAEAAAEALAAAAAABAAEAAAICTAEAOw==]
[www.careercomfort.co.in/how-to-make-your-work-life-balance/index.html]
[www.careercomfort.co.in/why-is-participation-in-employee-engagement-important/e,baseURI]
[www.careercomfort.co.in/why-is-participation-in-employee-engagement-important/GET]
[www.careercomfort.co.in/wp-json/wp/v2/posts/23278.json]
[www.careercomfort.co.in/why-is-participation-in-employee-engagement-important/Edge/index.html]
[www.careercomfort.co.in/why-is-participation-in-employee-engagement-important/feed/index.html]
[www.careercomfort.co.in/wp-json/oembed/1.0/embed724a.json]
[www.careercomfort.co.in/wp-json/oembed/1.0/embed50d6]
[www.careercomfort.co.in/why-is-participation-in-employee-engagement-important/POST]
[www.careercomfort.co.in/why-is-participation-in-employee-engagement-important/_data_image/gif;base64,R0lGODlhAQABAIABAAAAAP/yH5BAEAAAEALAAAAAABAAEAAAICTAEAOw==]
[www.careercomfort.co.in/why-is-participation-in-employee-engagement-important/index.html]
[www.careercomfort.co.in/wp-json/wp/v2/posts/23276.json]
[www.careercomfort.co.in/how-to-create-a-work-from-home-environment/feed/index.html]
[www.careercomfort.co.in/wp-json/oembed/1.0/embed78fd.json]
[www.careercomfort.co.in/wp-json/oembed/1.0/embed7032]
[www.careercomfort.co.in/how-to-create-a-work-from-home-environment/POST]
[www.careercomfort.co.in/how-to-create-a-work-from-home-environment/index.html]
[www.careercomfort.co.in/POST.html]
[www.careercomfort.co.in/wp-json/wp/v2/pages/22055.json]
[www.careercomfort.co.in/wp-json/oembed/1.0/embed4f16.json]
[www.careercomfort.co.in/wp-json/oembed/1.0/embed9501]
[keenitsolutions.com/products/wordpress/braintech/wp-content/uploads/2020/11/services-1.jpg]
[www.careercomfort.co.in/disclaimer-2/POST]
[www.careercomfort.co.in/disclaimer-2/index.html]
[www.careercomfort.co.in/wp-content/uploads/redux/custom-fonts/fontsc1ef.css]
[www.careercomfort.co.in/wp-content/plugins/elementor/assets/lib/animations/animations.mince8e.css]
[www.careercomfort.co.in/wp-content/plugins/revslider/public/assets/fonts/revicons/revicons90c6.eot]
[www.careercomfort.co.in/wp-content/plugins/revslider/public/assets/fonts/revicons/revicons90c6.woff]
[www.careercomfort.co.in/wp-content/plugins/revslider/public/assets/fonts/revicons/revicons90c6.ttf]
[www.careercomfort.co.in/wp-content/plugins/revslider/public/assets/assets/gridtile.png]
[www.careercomfort.co.in/wp-content/plugins/revslider/public/assets/assets/gridtile_white.png]
[www.careercomfort.co.in/wp-content/plugins/revslider/public/assets/assets/gridtile_3x3.png]
[www.careercomfort.co.in/wp-content/plugins/revslider/public/assets/assets/gridtile_3x3_white.png]
[www.careercomfort.co.in/wp-content/plugins/revslider/public/assets/assets/coloredbg.png]
[www.careercomfort.co.in/wp-content/plugins/revslider/public/assets/assets/loader.gif]
[www.careercomfort.co.in/wp-content/plugins/revslider/public/assets/css/rs64261.css]
[www.careercomfort.co.in/wp-content/plugins/rselements/assets/css/bootstrap.minef10.css]
[www.careercomfort.co.in/wp-content/plugins/master-addons/assets/js/plugins9358.js]
[www.careercomfort.co.in/wp-content/plugins/rselements/assets/css/fonts/slick.html]
[www.careercomfort.co.in/wp-content/plugins/rselements/assets/css/fonts/slickd41d.html]
[www.careercomfort.co.in/wp-content/plugins/rselements/assets/css/fonts/slick-2.html]
[www.careercomfort.co.in/wp-content/plugins/rselements/assets/webfonts/fa-brands-400.svg]
[www.careercomfort.co.in/wp-content/plugins/rselements/assets/webfonts/fa-solid-900.svg]
[www.careercomfort.co.in/wp-content/plugins/rselements/assets/fonts/Flaticon.svg]
[www.careercomfort.co.in/wp-content/themes/braintech/assets/webfonts/fa-brands-400.svg]
[www.careercomfort.co.in/wp-content/themes/braintech/assets/webfonts/fa-regular-400.svg]
[www.careercomfort.co.in/wp-content/themes/braintech/assets/webfonts/fa-solid-900.svg]
[www.careercomfort.co.in/wp-content/plugins/elementor/assets/lib/font-awesome/fonts/fontawesome-webfont3e6e.svg]
[www.careercomfort.co.in/wp-content/themes/braintech/assets/fonts/Flaticon.svg]
[www.careercomfort.co.in/wp-content/themes/braintech/assets/css/Flaticon.html]
[www.careercomfort.co.in/wp-content/themes/braintech/assets/css/owl.video.play.html]
[www.careercomfort.co.in/wp-content/themes/braintech/assets/images/about-overlay-l.html]
[www.careercomfort.co.in/wp-content/themes/braintech/assets/images/about-overlay-r.html]
[www.careercomfort.co.in/wp-content/plugins/elementor/assets/lib/eicons/fonts/eicons8016.svg]
[www.careercomfort.co.in/wp-content/plugins/master-addons/assets/images/symbols.svg]
[www.careercomfort.co.in/wp-content/plugins/master-addons/assets/images/spinner-default.svg]
[www.careercomfort.co.in/wp-content/plugins/master-addons/assets/images/spinner-light.svg]
[www.careercomfort.co.in/wp-content/plugins/master-addons/assets/images/spinner-dark.svg]
[www.careercomfort.co.in/wp-content/plugins/mystickyelements-pro/fonts/fa-brands-400.svg]
[www.careercomfort.co.in/wp-content/plugins/mystickyelements-pro/fonts/fa-regular-400.svg]
[www.careercomfort.co.in/wp-content/plugins/mystickyelements-pro/fonts/fa-solid-900.svg]
[www.careercomfort.co.in/wp-content/plugins/mystickyelements-pro/images/line-logo.svg]
[www.careercomfort.co.in/wp-content/plugins/mystickyelements-pro/images/qzone-logo.svg]
[www.careercomfort.co.in/wp-content/plugins/mystickyelements-pro/images/amazon-logo.svg]
[www.careercomfort.co.in/wp-content/plugins/mystickyelements-pro/images/flickr-logo.svg]
[www.careercomfort.co.in/wp-content/plugins/mystickyelements-pro/images/slack-logo.svg]
[www.careercomfort.co.in/wp-content/plugins/mystickyelements-pro/images/google-play-logo.svg]
[www.careercomfort.co.in/wp-content/plugins/mystickyelements-pro/images/ebay-logo.svg]
[www.careercomfort.co.in/wp-content/plugins/mystickyelements-pro/images/poptin-logo.svg]
[www.careercomfort.co.in/wp-content/plugins/mystickyelements-pro/images/fiverr-logo.svg]
[www.careercomfort.co.in/wp-content/plugins/mystickyelements-pro/images/shopify-logo.svg]
[www.careercomfort.co.in/wp-content/plugins/mystickyelements-pro/images/gumroad-logo.svg]
[www.careercomfort.co.in/wp-content/plugins/mystickyelements-pro/images/printful-logo.svg]
[www.careercomfort.co.in/wp-content/uploads/elementor/css/post-121647b24.css]
[www.careercomfort.co.in/indexebb5.html]
[www.careercomfort.co.in/about/POST.html]
[www.careercomfort.co.in/wp-content/uploads/redux/custom-fonts/fonts0161.css]
[www.careercomfort.co.in/all-services/e,baseURI.html]
[www.careercomfort.co.in/all-services/GET.html]
[www.careercomfort.co.in/all-services/Edge/index.html]
[www.careercomfort.co.in/indexf9eb.html]
[www.careercomfort.co.in/all-services/POST.html]
[cdn-ikplgid.nitrocdn.com/CBnPWTxXvlQldqPwhUtLUzGDtuHrPyuF/assets/images/optimized/rev-1b4aa66/www.careercomfort.co.in/wp-content/plugins/rselements/assets/css/ajax-loader.gif]
[cdn-ikplgid.nitrocdn.com/CBnPWTxXvlQldqPwhUtLUzGDtuHrPyuF/assets/images/optimized/rev-1b4aa66/cdn.datatables.net/1.10.20/images/sort_both.png]
[cdn-ikplgid.nitrocdn.com/CBnPWTxXvlQldqPwhUtLUzGDtuHrPyuF/assets/images/optimized/rev-1b4aa66/cdn.datatables.net/1.10.20/images/sort_asc.png]
[cdn-ikplgid.nitrocdn.com/CBnPWTxXvlQldqPwhUtLUzGDtuHrPyuF/assets/images/optimized/rev-1b4aa66/cdn.datatables.net/1.10.20/images/sort_desc.png]
[cdn-ikplgid.nitrocdn.com/CBnPWTxXvlQldqPwhUtLUzGDtuHrPyuF/assets/images/optimized/rev-1b4aa66/cdn.datatables.net/1.10.20/images/sort_asc_disabled.png]
[cdn-ikplgid.nitrocdn.com/CBnPWTxXvlQldqPwhUtLUzGDtuHrPyuF/assets/images/optimized/rev-1b4aa66/cdn.datatables.net/1.10.20/images/sort_desc_disabled.png]
[cdn-ikplgid.nitrocdn.com/CBnPWTxXvlQldqPwhUtLUzGDtuHrPyuF/assets/images/optimized/rev-1b4aa66/www.careercomfort.co.in/wp-content/themes/braintech/assets/images/close.png]
[cdn-ikplgid.nitrocdn.com/CBnPWTxXvlQldqPwhUtLUzGDtuHrPyuF/assets/images/optimized/rev-1b4aa66/www.careercomfort.co.in/wp-content/uploads/2020/12/circle.png]
[cdn-ikplgid.nitrocdn.com/CBnPWTxXvlQldqPwhUtLUzGDtuHrPyuF/assets/static/optimized/rev-07d5d90/www.careercomfort.co.in/combinedCss/nitro-min-noimport-314e17faced4c3ab2de37417b6013255-stylesheet.css]
[cdn-ikplgid.nitrocdn.com/CBnPWTxXvlQldqPwhUtLUzGDtuHrPyuF/assets/images/optimized/rev-1b4aa66/www.careercomfort.co.in/wp-content/plugins/revslider/public/assets/assets/gridtile.png]
[cdn-ikplgid.nitrocdn.com/CBnPWTxXvlQldqPwhUtLUzGDtuHrPyuF/assets/images/optimized/rev-1b4aa66/www.careercomfort.co.in/wp-content/plugins/revslider/public/assets/assets/gridtile_white.png]
[cdn-ikplgid.nitrocdn.com/CBnPWTxXvlQldqPwhUtLUzGDtuHrPyuF/assets/images/optimized/rev-1b4aa66/www.careercomfort.co.in/wp-content/plugins/revslider/public/assets/assets/gridtile_3x3.png]
[cdn-ikplgid.nitrocdn.com/CBnPWTxXvlQldqPwhUtLUzGDtuHrPyuF/assets/images/optimized/rev-1b4aa66/www.careercomfort.co.in/wp-content/plugins/revslider/public/assets/assets/gridtile_3x3_white.png]
[cdn-ikplgid.nitrocdn.com/CBnPWTxXvlQldqPwhUtLUzGDtuHrPyuF/assets/images/optimized/rev-1b4aa66/www.careercomfort.co.in/wp-content/plugins/revslider/public/assets/assets/loader.gif]
[cdn-ikplgid.nitrocdn.com/CBnPWTxXvlQldqPwhUtLUzGDtuHrPyuF/assets/static/optimized/rev-07d5d90/www.careercomfort.co.in/combinedCss/nitro-min-noimport-1c0c0ebea585d95c7a702b698125e162-stylesheet.css]
[cdn-ikplgid.nitrocdn.com/CBnPWTxXvlQldqPwhUtLUzGDtuHrPyuF/assets/static/optimized/rev-07d5d90/www.careercomfort.co.in/externalFontFace/nitro-min-noimport-e75555d10c080e9e2226b8e7f5c26a3b-stylesheet.css]
[www.careercomfort.co.in/jobs/e,baseURI.html]
[www.careercomfort.co.in/jobs/GET.html]
[www.careercomfort.co.in/jobs/Edge/index.html]
[www.careercomfort.co.in/index900f.html]
[www.careercomfort.co.in/jobs/_data_image/gif;base64,R0lGODlhAQABAIABAAAAAP/yH5BAEAAAEALAAAAAABAAEAAAICTAEAOw==.html]
[www.careercomfort.co.in/jobs/POST.html]
[cdn-ikplgid.nitrocdn.com/CBnPWTxXvlQldqPwhUtLUzGDtuHrPyuF/assets/static/optimized/rev-07d5d90/www.careercomfort.co.in/combinedCss/nitro-min-noimport-2eb4bd483b6148df5704168b90031147-stylesheet.css]
[www.careercomfort.co.in/wp-content/uploads/elementor/css/post-132023b06.css]
[www.careercomfort.co.in/wp-content/plugins/elementor/assets/lib/font-awesome/css/fontawesome.min52d5.css]
[www.careercomfort.co.in/wp-content/plugins/elementor/assets/lib/font-awesome/webfonts/fa-solid-900.eot]
[www.careercomfort.co.in/wp-content/plugins/elementor/assets/lib/font-awesome/webfonts/fa-solid-900d41d.eot]
[www.careercomfort.co.in/wp-content/plugins/elementor/assets/lib/font-awesome/webfonts/fa-solid-900.woff2]
[www.careercomfort.co.in/wp-content/plugins/elementor/assets/lib/font-awesome/webfonts/fa-solid-900.woff]
[www.careercomfort.co.in/wp-content/plugins/elementor/assets/lib/font-awesome/webfonts/fa-solid-900.ttf]
[www.careercomfort.co.in/wp-content/plugins/elementor/assets/lib/font-awesome/css/solid.min52d5.css]
[www.careercomfort.co.in/index1ec1.html]
[www.careercomfort.co.in/faqs/POST.html]
[www.careercomfort.co.in/wp-content/uploads/redux/custom-fonts/fonts83ae.css]
[www.careercomfort.co.in/wp-content/uploads/elementor/css/post-23064c56d.css]
[www.careercomfort.co.in/index5ef2.html]
[www.careercomfort.co.in/job-seeker-form/POST.html]
[www.careercomfort.co.in/wp-content/uploads/redux/custom-fonts/fonts0ad9.css]
[www.careercomfort.co.in/looking-for-candidates/e,baseURI.html]
[www.careercomfort.co.in/looking-for-candidates/GET.html]
[www.careercomfort.co.in/looking-for-candidates/Edge/index.html]
[www.careercomfort.co.in/index2c46.html]
[www.careercomfort.co.in/looking-for-candidates/_data_image/gif;base64,R0lGODlhAQABAIABAAAAAP/yH5BAEAAAEALAAAAAABAAEAAAICTAEAOw==.html]
[www.careercomfort.co.in/looking-for-candidates/POST.html]
[cdn-ikplgid.nitrocdn.com/CBnPWTxXvlQldqPwhUtLUzGDtuHrPyuF/assets/static/optimized/rev-07d5d90/www.careercomfort.co.in/combinedCss/nitro-min-noimport-939bd2710cea40b6c499dfbe2b56ba04-stylesheet.css]
[cdn-ikplgid.nitrocdn.com/CBnPWTxXvlQldqPwhUtLUzGDtuHrPyuF/assets/static/optimized/rev-07d5d90/www.careercomfort.co.in/combinedCss/nitro-min-noimport-16085e660944a073de5c15070e0f26f9-stylesheet.css]
[cdn-ikplgid.nitrocdn.com/CBnPWTxXvlQldqPwhUtLUzGDtuHrPyuF/assets/static/optimized/rev-07d5d90/www.careercomfort.co.in/externalFontFace/nitro-min-noimport-249a6ac9d3ad070402b6a6b0d5ba19e7-stylesheet.css]
[www.careercomfort.co.in/portfolio/sql-developer/e,baseURI.html]
[www.careercomfort.co.in/portfolio/sql-developer/GET.html]
[www.careercomfort.co.in/portfolio/sql-developer/Edge/index.html]
[www.careercomfort.co.in/indexe891.html]
[www.careercomfort.co.in/portfolio/sql-developer/_data_image/gif;base64,R0lGODlhAQABAIABAAAAAP/yH5BAEAAAEALAAAAAABAAEAAAICTAEAOw==.html]
[www.careercomfort.co.in/portfolio/sql-developer/POST.html]
[cdn-ikplgid.nitrocdn.com/CBnPWTxXvlQldqPwhUtLUzGDtuHrPyuF/assets/static/optimized/rev-07d5d90/www.careercomfort.co.in/combinedCss/nitro-min-noimport-0e1b74aa7f708f520486e81f36247b56-stylesheet.css]
[cdn-ikplgid.nitrocdn.com/CBnPWTxXvlQldqPwhUtLUzGDtuHrPyuF/assets/static/optimized/rev-07d5d90/www.careercomfort.co.in/externalFontFace/nitro-min-noimport-432d744f11a7162889fdff0dbd6a9df4-stylesheet.css]
[www.careercomfort.co.in/portfolio-category/apply-now/e,baseURI.html]
[www.careercomfort.co.in/portfolio-category/apply-now/GET.html]
[www.careercomfort.co.in/portfolio-category/apply-now/Edge/index.html]
[www.careercomfort.co.in/2022/04/index.html]
[www.careercomfort.co.in/2022/index.html]
[www.careercomfort.co.in/2022/03/POST.24b.delayed]
[www.careercomfort.co.in/2022/03/index.html]
[www.careercomfort.co.in/wp-json/wp/v2/categories/49.json]
[www.careercomfort.co.in/category/employers/feed/index.html]
[www.careercomfort.co.in/category/employers/POST]
[www.careercomfort.co.in/category/employers/index.html]
[www.careercomfort.co.in/category/job-seekers/feed/index.html]
[www.careercomfort.co.in/wp-json/wp/v2/categories/48.json]
[www.careercomfort.co.in/category/job-seekers/POST]
[www.careercomfort.co.in/category/job-seekers/index.html]
[www.careercomfort.co.in/portfolio-category/apply-now/POST.html]
[www.careercomfort.co.in/portfolio-category/apply-now/_data_image/gif;base64,R0lGODlhAQABAIABAAAAAP/yH5BAEAAAEALAAAAAABAAEAAAICTAEAOw==.html]
[cdn-ikplgid.nitrocdn.com/CBnPWTxXvlQldqPwhUtLUzGDtuHrPyuF/assets/static/optimized/rev-07d5d90/www.careercomfort.co.in/combinedCss/nitro-min-noimport-2efdc8055568aecd1f100f100c6a9a3a-stylesheet.css]
[cdn-ikplgid.nitrocdn.com/CBnPWTxXvlQldqPwhUtLUzGDtuHrPyuF/assets/static/optimized/rev-07d5d90/www.careercomfort.co.in/externalFontFace/nitro-min-noimport-d3717ac8164f8d544db9650f3389b2d1-stylesheet.css]
[www.careercomfort.co.in/portfolio/work-from-home-job-for-recruiting-training-associate-rta/e,baseURI.html]
[www.careercomfort.co.in/portfolio/work-from-home-job-for-recruiting-training-associate-rta/GET.html]
[www.careercomfort.co.in/portfolio/work-from-home-job-for-recruiting-training-associate-rta/Edge/index.html]
[www.careercomfort.co.in/index2e7f.html]
[www.careercomfort.co.in/portfolio/work-from-home-job-for-recruiting-training-associate-rta/_data_image/gif;base64,R0lGODlhAQABAIABAAAAAP/yH5BAEAAAEALAAAAAABAAEAAAICTAEAOw==.html]
[www.careercomfort.co.in/portfolio/work-from-home-job-for-recruiting-training-associate-rta/POST.html]
[cdn-ikplgid.nitrocdn.com/CBnPWTxXvlQldqPwhUtLUzGDtuHrPyuF/assets/static/optimized/rev-07d5d90/www.careercomfort.co.in/combinedCss/nitro-min-noimport-e5d28e3107050b6f939c153a60c95a38-stylesheet.css]
[www.careercomfort.co.in/portfolio/jobs-for-pharma/e,baseURI.html]
[www.careercomfort.co.in/portfolio/jobs-for-pharma/GET.html]
[www.careercomfort.co.in/portfolio/jobs-for-pharma/Edge/index.html]
[www.careercomfort.co.in/indexb028.html]
[www.careercomfort.co.in/portfolio/jobs-for-pharma/_data_image/gif;base64,R0lGODlhAQABAIABAAAAAP/yH5BAEAAAEALAAAAAABAAEAAAICTAEAOw==.html]
[www.careercomfort.co.in/portfolio/jobs-for-pharma/POST.html]
[cdn-ikplgid.nitrocdn.com/CBnPWTxXvlQldqPwhUtLUzGDtuHrPyuF/assets/static/optimized/rev-07d5d90/www.careercomfort.co.in/combinedCss/nitro-min-noimport-088c539105073767acf876c2639fe40c-stylesheet.css]
[www.careercomfort.co.in/wp-content/uploads/elementor/css/post-21254aad9.css]
[www.careercomfort.co.in/indexe3f7.html]
[www.careercomfort.co.in/portfolio/business-development-executive/POST.html]
[www.careercomfort.co.in/wp-content/uploads/redux/custom-fonts/fontsb248.css]
[www.careercomfort.co.in/portfolio/business-support-officer-bso/e,baseURI.html]
[www.careercomfort.co.in/portfolio/business-support-officer-bso/GET.html]
[www.careercomfort.co.in/portfolio/business-support-officer-bso/Edge/index.html]
[www.careercomfort.co.in/index0182.html]
[www.careercomfort.co.in/portfolio/business-support-officer-bso/_data_image/gif;base64,R0lGODlhAQABAIABAAAAAP/yH5BAEAAAEALAAAAAABAAEAAAICTAEAOw==.html]
[www.careercomfort.co.in/portfolio/business-support-officer-bso/POST.html]
[cdn-ikplgid.nitrocdn.com/CBnPWTxXvlQldqPwhUtLUzGDtuHrPyuF/assets/static/optimized/rev-07d5d90/www.careercomfort.co.in/combinedCss/nitro-min-noimport-d5f77e231663ee9eb4717f50e440cf14-stylesheet.css]
[www.careercomfort.co.in/portfolio/hr-recruiter/e,baseURI.html]
[www.careercomfort.co.in/portfolio/hr-recruiter/GET.html]
[www.careercomfort.co.in/portfolio/hr-recruiter/Edge/index.html]
[www.careercomfort.co.in/index8cb6.html]
[www.careercomfort.co.in/portfolio/hr-recruiter/_data_image/gif;base64,R0lGODlhAQABAIABAAAAAP/yH5BAEAAAEALAAAAAABAAEAAAICTAEAOw==.html]
[www.careercomfort.co.in/portfolio/hr-recruiter/POST.html]
[cdn-ikplgid.nitrocdn.com/CBnPWTxXvlQldqPwhUtLUzGDtuHrPyuF/assets/static/optimized/rev-07d5d90/www.careercomfort.co.in/combinedCss/nitro-min-noimport-65fca45bc7e1f5486aacf84f62b4fca6-stylesheet.css]
[cdn-ikplgid.nitrocdn.com/CBnPWTxXvlQldqPwhUtLUzGDtuHrPyuF/assets/static/optimized/rev-07d5d90/www.careercomfort.co.in/externalFontFace/nitro-min-noimport-040e003c88eee2839a2a59a12621c632-stylesheet.css]
[www.careercomfort.co.in/portfolio/international-bpo-jobs/e,baseURI.html]
[www.careercomfort.co.in/portfolio/international-bpo-jobs/GET.html]
[www.careercomfort.co.in/portfolio/international-bpo-jobs/Edge/index.html]
[www.careercomfort.co.in/indexbc24.html]
[www.careercomfort.co.in/portfolio/international-bpo-jobs/_data_image/gif;base64,R0lGODlhAQABAIABAAAAAP/yH5BAEAAAEALAAAAAABAAEAAAICTAEAOw==.html]
[www.careercomfort.co.in/portfolio/international-bpo-jobs/POST.html]
[cdn-ikplgid.nitrocdn.com/CBnPWTxXvlQldqPwhUtLUzGDtuHrPyuF/assets/static/optimized/rev-07d5d90/www.careercomfort.co.in/combinedCss/nitro-min-noimport-51a645abfc5ca66721b52c684773ac00-stylesheet.css]
[www.careercomfort.co.in/portfolio/international-bpo-jobs-b2b/e,baseURI.html]
[www.careercomfort.co.in/portfolio/international-bpo-jobs-b2b/GET.html]
[www.careercomfort.co.in/portfolio/international-bpo-jobs-b2b/Edge/index.html]
[www.careercomfort.co.in/index3c69.html]
[www.careercomfort.co.in/portfolio/international-bpo-jobs-b2b/_data_image/gif;base64,R0lGODlhAQABAIABAAAAAP/yH5BAEAAAEALAAAAAABAAEAAAICTAEAOw==.html]
[www.careercomfort.co.in/portfolio/international-bpo-jobs-b2b/POST.html]
[cdn-ikplgid.nitrocdn.com/CBnPWTxXvlQldqPwhUtLUzGDtuHrPyuF/assets/static/optimized/rev-07d5d90/www.careercomfort.co.in/combinedCss/nitro-min-noimport-8a481759ef2200cadaaf9ca000cddf58-stylesheet.css]
[www.careercomfort.co.in/servo-project-joins-the-linux-foundation-fold-desco-2/e,baseURI.html]
[www.careercomfort.co.in/servo-project-joins-the-linux-foundation-fold-desco-2/GET.html]
[www.careercomfort.co.in/servo-project-joins-the-linux-foundation-fold-desco-2/Edge/index.html]
[www.careercomfort.co.in/indexacba.html]
[www.careercomfort.co.in/servo-project-joins-the-linux-foundation-fold-desco-2/POST.html]
[www.careercomfort.co.in/servo-project-joins-the-linux-foundation-fold-desco-2/_data_image/gif;base64,R0lGODlhAQABAIABAAAAAP/yH5BAEAAAEALAAAAAABAAEAAAICTAEAOw==.html]
[cdn-ikplgid.nitrocdn.com/CBnPWTxXvlQldqPwhUtLUzGDtuHrPyuF/assets/static/optimized/rev-07d5d90/www.careercomfort.co.in/combinedCss/nitro-min-noimport-f0f39d29ac4f3253c7035a7dd2874e41-stylesheet.css]
[www.careercomfort.co.in/tech-firms-support-huawei-restriction-balk-at-cost/e,baseURI.html]
[www.careercomfort.co.in/tech-firms-support-huawei-restriction-balk-at-cost/GET.html]
[www.careercomfort.co.in/tech-firms-support-huawei-restriction-balk-at-cost/Edge/index.html]
[www.careercomfort.co.in/index95c0.html]
[www.careercomfort.co.in/tech-firms-support-huawei-restriction-balk-at-cost/POST.html]
[www.careercomfort.co.in/tech-firms-support-huawei-restriction-balk-at-cost/_data_image/gif;base64,R0lGODlhAQABAIABAAAAAP/yH5BAEAAAEALAAAAAABAAEAAAICTAEAOw==.html]
[www.careercomfort.co.in/servo-project-joins-the-linux-foundation-fold-desco/e,baseURI.html]
[www.careercomfort.co.in/servo-project-joins-the-linux-foundation-fold-desco/GET.html]
[www.careercomfort.co.in/servo-project-joins-the-linux-foundation-fold-desco/Edge/index.html]
[www.careercomfort.co.in/indexe538.html]
[www.careercomfort.co.in/servo-project-joins-the-linux-foundation-fold-desco/POST.html]
[www.careercomfort.co.in/servo-project-joins-the-linux-foundation-fold-desco/_data_image/gif;base64,R0lGODlhAQABAIABAAAAAP/yH5BAEAAAEALAAAAAABAAEAAAICTAEAOw==.html]
[www.careercomfort.co.in/open-source-job-report-show-more-openings-fewer/e,baseURI.html]
[www.careercomfort.co.in/open-source-job-report-show-more-openings-fewer/GET.html]
[www.careercomfort.co.in/open-source-job-report-show-more-openings-fewer/Edge/index.html]
[www.careercomfort.co.in/index2fbb.html]
[www.careercomfort.co.in/open-source-job-report-show-more-openings-fewer/POST.html]
[www.careercomfort.co.in/open-source-job-report-show-more-openings-fewer/_data_image/gif;base64,R0lGODlhAQABAIABAAAAAP/yH5BAEAAAEALAAAAAABAAEAAAICTAEAOw==.html]
[www.careercomfort.co.in/wp-includes/css/dist/block-library/style.minef10.css]
[www.careercomfort.co.in/indexb107.html]
[www.careercomfort.co.in/types-of-social-proof-what-its-makes-them-effective/POST.html]
[www.careercomfort.co.in/index1ad7.html]
[www.careercomfort.co.in/necessity-may-give-us-your-virtual-court-system/POST.html]
[www.careercomfort.co.in/wp-content/uploads/redux/custom-fonts/fontsaedf.css]
[www.careercomfort.co.in/how-to-appear-for-an-interview-dos-dont-for-interview/e,baseURI.html]
[www.careercomfort.co.in/how-to-appear-for-an-interview-dos-dont-for-interview/GET.html]
[www.careercomfort.co.in/how-to-appear-for-an-interview-dos-dont-for-interview/Edge/index.html]
[www.careercomfort.co.in/index4480.html]
[www.careercomfort.co.in/how-to-appear-for-an-interview-dos-dont-for-interview/POST.html]
[www.careercomfort.co.in/how-to-appear-for-an-interview-dos-dont-for-interview/_data_image/gif;base64,R0lGODlhAQABAIABAAAAAP/yH5BAEAAAEALAAAAAABAAEAAAICTAEAOw==.html]
[www.careercomfort.co.in/why-is-long-term-prospective-important-for-an-employee/e,baseURI.html]
[www.careercomfort.co.in/why-is-long-term-prospective-important-for-an-employee/GET.html]
[www.careercomfort.co.in/why-is-long-term-prospective-important-for-an-employee/Edge/index.html]
[www.careercomfort.co.in/indexba8e.html]
[www.careercomfort.co.in/why-is-long-term-prospective-important-for-an-employee/POST.html]
[www.careercomfort.co.in/why-is-long-term-prospective-important-for-an-employee/_data_image/gif;base64,R0lGODlhAQABAIABAAAAAP/yH5BAEAAAEALAAAAAABAAEAAAICTAEAOw==.html]
[www.careercomfort.co.in/what-is-job-satisfaction-and-how-to-achieve-it/e,baseURI.html]
[www.careercomfort.co.in/what-is-job-satisfaction-and-how-to-achieve-it/GET.html]
[www.careercomfort.co.in/what-is-job-satisfaction-and-how-to-achieve-it/Edge/index.html]
[www.careercomfort.co.in/index3def.html]
[www.careercomfort.co.in/what-is-job-satisfaction-and-how-to-achieve-it/POST.html]
[www.careercomfort.co.in/what-is-job-satisfaction-and-how-to-achieve-it/_data_image/gif;base64,R0lGODlhAQABAIABAAAAAP/yH5BAEAAAEALAAAAAABAAEAAAICTAEAOw==.html]
[www.careercomfort.co.in/how-to-make-your-work-life-balance/e,baseURI.html]
[www.careercomfort.co.in/how-to-make-your-work-life-balance/GET.html]
[www.careercomfort.co.in/how-to-make-your-work-life-balance/Edge/index.html]
[www.careercomfort.co.in/index65e4.html]
[www.careercomfort.co.in/how-to-make-your-work-life-balance/POST.html]
[www.careercomfort.co.in/how-to-make-your-work-life-balance/_data_image/gif;base64,R0lGODlhAQABAIABAAAAAP/yH5BAEAAAEALAAAAAABAAEAAAICTAEAOw==.html]
[www.careercomfort.co.in/why-is-participation-in-employee-engagement-important/e,baseURI.html]
[www.careercomfort.co.in/why-is-participation-in-employee-engagement-important/GET.html]
[www.careercomfort.co.in/why-is-participation-in-employee-engagement-important/Edge/index.html]
[www.careercomfort.co.in/index3fc1.html]
[www.careercomfort.co.in/why-is-participation-in-employee-engagement-important/POST.html]
[www.careercomfort.co.in/why-is-participation-in-employee-engagement-important/_data_image/gif;base64,R0lGODlhAQABAIABAAAAAP/yH5BAEAAAEALAAAAAABAAEAAAICTAEAOw==.html]
[www.careercomfort.co.in/index3123.html]
[www.careercomfort.co.in/how-to-create-a-work-from-home-environment/POST.html]
[www.careercomfort.co.in/wp-content/uploads/redux/custom-fonts/fontsac08.css]
[www.careercomfort.co.in/wp-content/uploads/elementor/css/post-22055b299.css]
[www.careercomfort.co.in/index283f.html]
[www.careercomfort.co.in/disclaimer-2/POST.html]
[www.careercomfort.co.in/wp-content/uploads/redux/custom-fonts/fonts1100.css]
[www.careercomfort.co.in/wp-content/plugins/revslider/public/assets/fonts/revicons/revicons90c6.svg]
[www.careercomfort.co.in/wp-content/plugins/revslider/public/assets/css/openhand.html]
[www.careercomfort.co.in/wp-content/plugins/revslider/public/assets/css/closedhand.html]
[www.careercomfort.co.in/wp-content/plugins/contact-form-7/includes/css/styles7404.html]
[www.careercomfort.co.in/xmlrpc0db0.html]
[www.careercomfort.co.in/all-services/_data_image/gif;base64,R0lGODlhAQABAIABAAAAAP/yH5BAEAAAEALAAAAAABAAEAAAICTAEAOw==_]
[www.careercomfort.co.in/wp-json/oembed/1.0/embed285f]
[cdn-ikplgid.nitrocdn.com/CBnPWTxXvlQldqPwhUtLUzGDtuHrPyuF/assets/static/optimized/rev-07d5d90/www.careercomfort.co.in/combinedCss/openhand.cur]
[cdn-ikplgid.nitrocdn.com/CBnPWTxXvlQldqPwhUtLUzGDtuHrPyuF/assets/static/optimized/rev-07d5d90/www.careercomfort.co.in/combinedCss/closedhand.cur]
[cdn-ikplgid.nitrocdn.com/CBnPWTxXvlQldqPwhUtLUzGDtuHrPyuF/assets/static/optimized/rev-07d5d90/www.careercomfort.co.in/assets/coloredbg.png]
[www.careercomfort.co.in/wp-content/plugins/elementor/assets/lib/font-awesome/webfonts/fa-solid-900.svg]
[www.careercomfort.co.in/contact/index.html]
[www.careercomfort.co.in/2022/POST]
[www.careercomfort.co.in/2022/index.html]
[www.careercomfort.co.in/wp-content/uploads/redux/custom-fonts/fonts3db4.css]
[www.careercomfort.co.in/2022/03/POST.html]
[www.careercomfort.co.in/category/employers/POST.html]
[www.careercomfort.co.in/category/job-seekers/POST.html]
[www.careercomfort.co.in/wp-content/plugins/contact-form-7/includes/swv/js/index7404.html]
[www.careercomfort.co.in/wp-content/plugins/contact-form-7/includes/js/index7404.js]
[www.careercomfort.co.in/wp-content/plugins/contact-form-7/modules/recaptcha/index7404.html]
[www.careercomfort.co.in/xmlrpc.html]
[www.careercomfort.co.in/2022/POST.html]
[www.careercomfort.co.in/wp-content/uploads/redux/custom-fonts/fontscb73.css]
[www.careercomfort.co.in/2022/04/POST]
[www.careercomfort.co.in/2022/04/POST]
[www.careercomfort.co.in/all-services/_data_image/gif;base64,R0lGODlhAQABAIABAAAAAP/yH5BAEAAAEALAAAAAABAAEAAAICTAEAOw==]
[www.careercomfort.co.in/2022/page/2/index.html]
[www.careercomfort.co.in/all-services/_data_image/gif;base64,R0lGODlhAQABAIABAAAAAP/yH5BAEAAAEALAAAAAABAAEAAAICTAEAOw==]
[www.careercomfort.co.in/2022/page/2/POST]
[www.careercomfort.co.in/2022/page/2/index.html]
[www.careercomfort.co.in/2022/page/2/POST.html]
[www.careercomfort.co.in/wp-content/uploads/redux/custom-fonts/fontsee11.css]
